#
# There is insufficient memory for the Java Runtime Environment to continue.
# Native memory allocation (malloc) failed to allocate 632560 bytes. Error detail: Chunk::new
# Possible reasons:
#   The system is out of physical RAM or swap space
#   This process is running with CompressedOops enabled, and the Java Heap may be blocking the growth of the native heap
# Possible solutions:
#   Reduce memory load on the system
#   Increase physical memory or swap space
#   Check if swap backing store is full
#   Decrease Java heap size (-Xmx/-Xms)
#   Decrease number of Java threads
#   Decrease Java thread stack sizes (-Xss)
#   Set larger code cache with -XX:ReservedCodeCacheSize=
#   JVM is running with Unscaled Compressed Oops mode in which the Java heap is
#     placed in the first 4GB address space. The Java Heap base address is the
#     maximum limit for the native heap growth. Please use -XX:HeapBaseMinAddress
#     to set the Java Heap base and to place the Java Heap above 4GB virtual address.
# This output file may be truncated or incomplete.
#
#  Out of Memory Error (arena.cpp:168), pid=20176, tid=29864
#
# JRE version: OpenJDK Runtime Environment Temurin-21.0.12.1+1 (21.0.12.1+1) (build 21.0.12.1+1-LTS)
# Java VM: OpenJDK 64-Bit Server VM Temurin-21.0.12.1+1 (21.0.12.1+1-LTS, mixed mode, sharing, tiered, compressed oops, compressed class ptrs, g1 gc, windows-amd64)
# No core dump will be written. Minidumps are not enabled by default on client versions of Windows
#

---------------  S U M M A R Y ------------

Command Line: --add-opens=java.base/java.lang=ALL-UNNAMED --add-opens=java.base/java.lang.invoke=ALL-UNNAMED --add-opens=java.base/java.util=ALL-UNNAMED --add-opens=java.prefs/java.util.prefs=ALL-UNNAMED --add-exports=jdk.compiler/com.sun.tools.javac.api=ALL-UNNAMED --add-exports=jdk.compiler/com.sun.tools.javac.util=ALL-UNNAMED --add-opens=java.base/java.nio.charset=ALL-UNNAMED --add-opens=java.base/java.net=ALL-UNNAMED --add-opens=java.base/java.util.concurrent=ALL-UNNAMED --add-opens=java.base/java.util.concurrent.atomic=ALL-UNNAMED --add-opens=java.xml/javax.xml.namespace=ALL-UNNAMED --add-opens=java.base/java.time=ALL-UNNAMED -XX:MaxMetaspaceSize=384m -XX:+HeapDumpOnOutOfMemoryError -Xms256m -Xmx512m -Dfile.encoding=UTF-8 -Duser.country=ES -Duser.language=es -Duser.variant -javaagent:C:\Users\Derick Mota\.gradle\wrapper\dists\gradle-9.7.1-bin\1w1c7tv4s851m17nbqdsro2tv\gradle-9.7.1\lib\agents\gradle-instrumentation-agent-9.7.1.jar org.gradle.launcher.daemon.bootstrap.GradleDaemon 9.7.1

Host: AMD Ryzen 5 3450U with Radeon Vega Mobile Gfx  , 8 cores, 5G,  Windows 11 , 64 bit Build 26100 (10.0.26100.9444)
Time: Fri Sep 18 22:31:03 2026 Hora estándar, América Central elapsed time: 79.340978 seconds (0d 0h 1m 19s)

---------------  T H R E A D  ---------------

Current thread (0x000002459db34e20):  JavaThread "C2 CompilerThread0" daemon [_thread_in_native, id=29864, stack(0x000000aef0f00000,0x000000aef1000000) (1024K)]


Current CompileTask:
C2:79341 8494       4       jdk.internal.org.objectweb.asm.Frame::execute (2305 bytes)

Stack: [0x000000aef0f00000,0x000000aef1000000]
Native frames: (J=compiled Java code, j=interpreted, Vv=VM code, C=native code)
V  [jvm.dll+0x6d83e9]
V  [jvm.dll+0x8b5736]
V  [jvm.dll+0x8b7cee]
V  [jvm.dll+0x8b83d3]
V  [jvm.dll+0x284596]
V  [jvm.dll+0xc685d]
V  [jvm.dll+0xc6da1]
V  [jvm.dll+0x3bf18b]
V  [jvm.dll+0x38b6d2]
V  [jvm.dll+0x38ab1a]
V  [jvm.dll+0x24c700]
V  [jvm.dll+0x24bce0]
V  [jvm.dll+0x1cb4ae]
V  [jvm.dll+0x25baad]
V  [jvm.dll+0x25a03a]
V  [jvm.dll+0x3f8aae]
V  [jvm.dll+0x8600cd]
V  [jvm.dll+0x6d6c1d]
C  [ucrtbase.dll+0x2cd30]
C  [KERNEL32.DLL+0x2cd87]
C  [ntdll.dll+0xacaec]


---------------  P R O C E S S  ---------------

Threads class SMR info:
_java_thread_list=0x00000245ba951ac0, length=51, elements={
0x000002458817ce90, 0x000002459db252c0, 0x000002459db26a40, 0x000002459db294b0,
0x000002459db29f10, 0x000002459db2a970, 0x000002459db34090, 0x000002459db34e20,
0x000002459db3a680, 0x000002459dd80660, 0x000002459de1e690, 0x00000245b8b4b840,
0x00000245b8374ef0, 0x00000245b7c45b60, 0x00000245b8ce59a0, 0x000002459dcb0070,
0x00000245b8e6f5b0, 0x00000245b8e71680, 0x00000245b8e71d10, 0x00000245b8e6e890,
0x00000245b968d680, 0x00000245b968fde0, 0x00000245b968dd10, 0x00000245b968e3a0,
0x00000245b9691eb0, 0x00000245b9693260, 0x00000245b9462990, 0x00000245b9463020,
0x00000245b9463d40, 0x00000245b9465780, 0x00000245b9466b30, 0x00000245b94664a0,
0x00000245b9467850, 0x00000245b94615e0, 0x00000245b9462300, 0x00000245b94643d0,
0x00000245b94636b0, 0x00000245b9460f50, 0x00000245b9464a60, 0x00000245b9461c70,
0x00000245b94671c0, 0x00000245b9468570, 0x00000245b9467ee0, 0x00000245b968ea30,
0x00000245b9690470, 0x00000245b9691190, 0x00000245b9691820, 0x00000245b9692540,
0x00000245b968f0c0, 0x00000245b9694ca0, 0x00000245b9693f80
}

Java Threads: ( => current thread )
  0x000002458817ce90 JavaThread "main"                              [_thread_blocked, id=29468, stack(0x000000aef0100000,0x000000aef0200000) (1024K)]
  0x000002459db252c0 JavaThread "Reference Handler"          daemon [_thread_blocked, id=20272, stack(0x000000aef0900000,0x000000aef0a00000) (1024K)]
  0x000002459db26a40 JavaThread "Finalizer"                  daemon [_thread_blocked, id=27668, stack(0x000000aef0a00000,0x000000aef0b00000) (1024K)]
  0x000002459db294b0 JavaThread "Signal Dispatcher"          daemon [_thread_blocked, id=29464, stack(0x000000aef0b00000,0x000000aef0c00000) (1024K)]
  0x000002459db29f10 JavaThread "Attach Listener"            daemon [_thread_blocked, id=29756, stack(0x000000aef0c00000,0x000000aef0d00000) (1024K)]
  0x000002459db2a970 JavaThread "Service Thread"             daemon [_thread_blocked, id=29076, stack(0x000000aef0d00000,0x000000aef0e00000) (1024K)]
  0x000002459db34090 JavaThread "Monitor Deflation Thread"   daemon [_thread_blocked, id=30328, stack(0x000000aef0e00000,0x000000aef0f00000) (1024K)]
=>0x000002459db34e20 JavaThread "C2 CompilerThread0"         daemon [_thread_in_native, id=29864, stack(0x000000aef0f00000,0x000000aef1000000) (1024K)]
  0x000002459db3a680 JavaThread "C1 CompilerThread0"         daemon [_thread_blocked, id=30504, stack(0x000000aef1000000,0x000000aef1100000) (1024K)]
  0x000002459dd80660 JavaThread "Common-Cleaner"             daemon [_thread_blocked, id=26932, stack(0x000000aef1100000,0x000000aef1200000) (1024K)]
  0x000002459de1e690 JavaThread "Notification Thread"        daemon [_thread_blocked, id=29032, stack(0x000000aef1200000,0x000000aef1300000) (1024K)]
  0x00000245b8b4b840 JavaThread "Daemon health stats"               [_thread_blocked, id=11996, stack(0x000000aef1800000,0x000000aef1900000) (1024K)]
  0x00000245b8374ef0 JavaThread "Incoming local TCP Connector on port 56241"        [_thread_in_native, id=24164, stack(0x000000aef1900000,0x000000aef1a00000) (1024K)]
  0x00000245b7c45b60 JavaThread "Daemon periodic checks"            [_thread_blocked, id=26452, stack(0x000000aef1a00000,0x000000aef1b00000) (1024K)]
  0x00000245b8ce59a0 JavaThread "Daemon"                            [_thread_blocked, id=20136, stack(0x000000aef1b00000,0x000000aef1c00000) (1024K)]
  0x000002459dcb0070 JavaThread "Daemon worker"                     [_thread_in_native, id=29376, stack(0x000000aef1e00000,0x000000aef1f00000) (1024K)]
  0x00000245b8e6f5b0 JavaThread "Cache worker for journal cache (C:\Users\Derick Mota\.gradle\caches\journal-1)"        [_thread_blocked, id=27496, stack(0x000000aef2200000,0x000000aef2300000) (1024K)]
  0x00000245b8e71680 JavaThread "File lock request listener"        [_thread_in_native, id=25796, stack(0x000000aef2300000,0x000000aef2400000) (1024K)]
  0x00000245b8e71d10 JavaThread "File lock release action executor"        [_thread_blocked, id=3764, stack(0x000000aef2400000,0x000000aef2500000) (1024K)]
  0x00000245b8e6e890 JavaThread "Cache worker for file hash cache (C:\Users\Derick Mota\.gradle\caches\9.7.1\fileHashes)"        [_thread_blocked, id=28720, stack(0x000000aef2500000,0x000000aef2600000) (1024K)]
  0x00000245b968d680 JavaThread "File watcher server"        daemon [_thread_in_native, id=18532, stack(0x000000aef2b00000,0x000000aef2c00000) (1024K)]
  0x00000245b968fde0 JavaThread "File watcher consumer"      daemon [_thread_blocked, id=19512, stack(0x000000aef2c00000,0x000000aef2d00000) (1024K)]
  0x00000245b968dd10 JavaThread "Cache worker for file content cache (C:\Users\Derick Mota\.gradle\caches\9.7.1\fileContent)"        [_thread_blocked, id=18840, stack(0x000000aef2d00000,0x000000aef2e00000) (1024K)]
  0x00000245b968e3a0 JavaThread "jar transforms"                    [_thread_blocked, id=29592, stack(0x000000aeeff00000,0x000000aef0000000) (1024K)]
  0x00000245b9691eb0 JavaThread "jar transforms Thread 2"           [_thread_blocked, id=20248, stack(0x000000aef3100000,0x000000aef3200000) (1024K)]
  0x00000245b9693260 JavaThread "jar transforms Thread 3"           [_thread_blocked, id=30652, stack(0x000000aef3200000,0x000000aef3300000) (1024K)]
  0x00000245b9462990 JavaThread "Memory manager"                    [_thread_blocked, id=27188, stack(0x000000aef3b00000,0x000000aef3c00000) (1024K)]
  0x00000245b9463020 JavaThread "jar transforms Thread 4"           [_thread_blocked, id=16644, stack(0x000000aef3c00000,0x000000aef3d00000) (1024K)]
  0x00000245b9463d40 JavaThread "VFS cleanup"                       [_thread_blocked, id=28564, stack(0x000000aef1f00000,0x000000aef2000000) (1024K)]
  0x00000245b9465780 JavaThread "jar transforms Thread 5"           [_thread_blocked, id=18000, stack(0x000000aef3000000,0x000000aef3100000) (1024K)]
  0x00000245b9466b30 JavaThread "jar transforms Thread 6"           [_thread_blocked, id=28788, stack(0x000000aef3300000,0x000000aef3400000) (1024K)]
  0x00000245b94664a0 JavaThread "jar transforms Thread 7"           [_thread_blocked, id=29560, stack(0x000000aef3400000,0x000000aef3500000) (1024K)]
  0x00000245b9467850 JavaThread "jar transforms Thread 8"           [_thread_blocked, id=26720, stack(0x000000aef3500000,0x000000aef3600000) (1024K)]
  0x00000245b94615e0 JavaThread "Handler for socket connection from /127.0.0.1:56241 to /127.0.0.1:56294"        [_thread_in_native, id=29296, stack(0x000000aeefe00000,0x000000aeeff00000) (1024K)]
  0x00000245b9462300 JavaThread "Cancel handler"                    [_thread_blocked, id=29900, stack(0x000000aef0000000,0x000000aef0100000) (1024K)]
  0x00000245b94643d0 JavaThread "Asynchronous log dispatcher for DefaultDaemonConnection: socket connection from /127.0.0.1:56241 to /127.0.0.1:56294"        [_thread_blocked, id=24712, stack(0x000000aef1c00000,0x000000aef1d00000) (1024K)]
  0x00000245b94636b0 JavaThread "Stdin handler"                     [_thread_blocked, id=26116, stack(0x000000aef1d00000,0x000000aef1e00000) (1024K)]
  0x00000245b9460f50 JavaThread "Daemon client event forwarder"        [_thread_blocked, id=30004, stack(0x000000aef2000000,0x000000aef2100000) (1024K)]
  0x00000245b9464a60 JavaThread "Cache worker for file hash cache (C:\Users\Derick Mota\LaboratorioVI-segundo-parcial\ejercicio4\.gradle\9.7.1\fileHashes)"        [_thread_blocked, id=7932, stack(0x000000aef2100000,0x000000aef2200000) (1024K)]
  0x00000245b9461c70 JavaThread "Cache worker for Build Output Cleanup Cache (C:\Users\Derick Mota\LaboratorioVI-segundo-parcial\ejercicio4\.gradle\buildOutputCleanup)"        [_thread_blocked, id=17216, stack(0x000000aef2900000,0x000000aef2a00000) (1024K)]
  0x00000245b94671c0 JavaThread "Cache worker for checksums cache (C:\Users\Derick Mota\LaboratorioVI-segundo-parcial\ejercicio4\.gradle\9.7.1\checksums)"        [_thread_blocked, id=15492, stack(0x000000aef2a00000,0x000000aef2b00000) (1024K)]
  0x00000245b9468570 JavaThread "Cache worker for cache directory md-supplier (C:\Users\Derick Mota\.gradle\caches\9.7.1\md-supplier)"        [_thread_blocked, id=12704, stack(0x000000aef2e00000,0x000000aef2f00000) (1024K)]
  0x00000245b9467ee0 JavaThread "Cache worker for cache directory md-rule (C:\Users\Derick Mota\.gradle\caches\9.7.1\md-rule)"        [_thread_blocked, id=3984, stack(0x000000aef2f00000,0x000000aef3000000) (1024K)]
  0x00000245b968ea30 JavaThread "Build operations"                  [_thread_blocked, id=26772, stack(0x000000aef3600000,0x000000aef3700000) (1024K)]
  0x00000245b9690470 JavaThread "Build operations Thread 2"         [_thread_blocked, id=26444, stack(0x000000aef3700000,0x000000aef3800000) (1024K)]
  0x00000245b9691190 JavaThread "Build operations Thread 3"         [_thread_blocked, id=18332, stack(0x000000aef3800000,0x000000aef3900000) (1024K)]
  0x00000245b9691820 JavaThread "Build operations Thread 4"         [_thread_blocked, id=5552, stack(0x000000aef3900000,0x000000aef3a00000) (1024K)]
  0x00000245b9692540 JavaThread "Build operations Thread 5"         [_thread_blocked, id=25436, stack(0x000000aef3a00000,0x000000aef3b00000) (1024K)]
  0x00000245b968f0c0 JavaThread "Build operations Thread 6"         [_thread_blocked, id=21668, stack(0x000000aef3d00000,0x000000aef3e00000) (1024K)]
  0x00000245b9694ca0 JavaThread "Build operations Thread 7"         [_thread_blocked, id=26184, stack(0x000000aef3e00000,0x000000aef3f00000) (1024K)]
  0x00000245b9693f80 JavaThread "Build operations Thread 8"         [_thread_blocked, id=28088, stack(0x000000aef3f00000,0x000000aef4000000) (1024K)]
Total: 51

Other Threads:
  0x000002459db099b0 VMThread "VM Thread"                           [id=30632, stack(0x000000aef0800000,0x000000aef0900000) (1024K)]
  0x000002459daf8480 WatcherThread "VM Periodic Task Thread"        [id=27456, stack(0x000000aef0700000,0x000000aef0800000) (1024K)]
  0x00000245881a8bb0 WorkerThread "GC Thread#0"                     [id=28012, stack(0x000000aef0200000,0x000000aef0300000) (1024K)]
  0x00000245b78f99d0 WorkerThread "GC Thread#1"                     [id=18540, stack(0x000000aef1300000,0x000000aef1400000) (1024K)]
  0x00000245b7a8aa00 WorkerThread "GC Thread#2"                     [id=15868, stack(0x000000aef1400000,0x000000aef1500000) (1024K)]
  0x00000245b7a8adb0 WorkerThread "GC Thread#3"                     [id=28192, stack(0x000000aef1500000,0x000000aef1600000) (1024K)]
  0x00000245b7a8b160 WorkerThread "GC Thread#4"                     [id=29092, stack(0x000000aef1600000,0x000000aef1700000) (1024K)]
  0x00000245b7a8b510 WorkerThread "GC Thread#5"                     [id=30284, stack(0x000000aef1700000,0x000000aef1800000) (1024K)]
  0x00000245b8e873d0 WorkerThread "GC Thread#6"                     [id=25928, stack(0x000000aef2600000,0x000000aef2700000) (1024K)]
  0x00000245b8e87780 WorkerThread "GC Thread#7"                     [id=21160, stack(0x000000aef2700000,0x000000aef2800000) (1024K)]
  0x00000245881afad0 ConcurrentGCThread "G1 Main Marker"            [id=30248, stack(0x000000aef0300000,0x000000aef0400000) (1024K)]
  0x00000245881b1370 WorkerThread "G1 Conc#0"                       [id=21924, stack(0x000000aef0400000,0x000000aef0500000) (1024K)]
  0x00000245b9e39ee0 WorkerThread "G1 Conc#1"                       [id=15920, stack(0x000000aef2800000,0x000000aef2900000) (1024K)]
  0x000002458823e7d0 ConcurrentGCThread "G1 Refine#0"               [id=29168, stack(0x000000aef0500000,0x000000aef0600000) (1024K)]
  0x000002459d9c8600 ConcurrentGCThread "G1 Service"                [id=23724, stack(0x000000aef0600000,0x000000aef0700000) (1024K)]
Total: 15

Threads with active compile tasks:
C2 CompilerThread0  79434 8494       4       jdk.internal.org.objectweb.asm.Frame::execute (2305 bytes)
Total: 1

VM state: not at safepoint (normal execution)

VM Mutex/Monitor currently owned by a thread: None

Heap address: 0x00000000e0000000, size: 512 MB, Compressed Oops mode: 32-bit

CDS archive(s) mapped at: [0x000002459e000000-0x000002459eba0000-0x000002459eba0000), size 12189696, SharedBaseAddress: 0x000002459e000000, ArchiveRelocationMode: 1.
Compressed class space mapped at: 0x000002459f000000-0x00000245b3000000, reserved size: 335544320
Narrow klass base: 0x000002459e000000, Narrow klass shift: 0, Narrow klass range: 0x100000000

GC Precious Log:
 CardTable entry size: 512
 Card Set container configuration: InlinePtr #cards 5 size 8 Array Of Cards #cards 12 size 40 Howl #buckets 4 coarsen threshold 1843 Howl Bitmap #cards 512 size 80 coarsen threshold 460 Card regions per heap region 1 cards per card region 2048
 CPUs: 8 total, 8 available
 Memory: 6030M
 Large Page Support: Disabled
 NUMA Support: Disabled
 Compressed Oops: Enabled (32-bit)
 Heap Region Size: 1M
 Heap Min Capacity: 256M
 Heap Initial Capacity: 256M
 Heap Max Capacity: 512M
 Pre-touch: Disabled
 Parallel Workers: 8
 Concurrent Workers: 2
 Concurrent Refinement Workers: 8
 Periodic GC: Disabled

Heap:
 garbage-first heap   total 262144K, used 146897K [0x00000000e0000000, 0x0000000100000000)
  region size 1024K, 113 young (115712K), 9 survivors (9216K)
 Metaspace       used 58828K, committed 61056K, reserved 393216K
  class space    used 8768K, committed 9856K, reserved 327680K

Heap Regions: E=young(eden), S=young(survivor), O=old, HS=humongous(starts), HC=humongous(continues), CS=collection set, F=free, TAMS=top-at-mark-start, PB=parsable bottom
|   0|0x00000000e0000000, 0x00000000e0100000, 0x00000000e0100000|100%|HS|  |TAMS 0x00000000e0000000| PB 0x00000000e0000000| Complete 
|   1|0x00000000e0100000, 0x00000000e0200000, 0x00000000e0200000|100%|HC|  |TAMS 0x00000000e0100000| PB 0x00000000e0100000| Complete 
|   2|0x00000000e0200000, 0x00000000e0300000, 0x00000000e0300000|100%|HC|  |TAMS 0x00000000e0200000| PB 0x00000000e0200000| Complete 
|   3|0x00000000e0300000, 0x00000000e0400000, 0x00000000e0400000|100%|HC|  |TAMS 0x00000000e0300000| PB 0x00000000e0300000| Complete 
|   4|0x00000000e0400000, 0x00000000e0500000, 0x00000000e0500000|100%| O|  |TAMS 0x00000000e0400000| PB 0x00000000e0400000| Untracked 
|   5|0x00000000e0500000, 0x00000000e0600000, 0x00000000e0600000|100%| O|  |TAMS 0x00000000e0500000| PB 0x00000000e0500000| Untracked 
|   6|0x00000000e0600000, 0x00000000e0700000, 0x00000000e0700000|100%| O|  |TAMS 0x00000000e0600000| PB 0x00000000e0600000| Untracked 
|   7|0x00000000e0700000, 0x00000000e0800000, 0x00000000e0800000|100%|HS|  |TAMS 0x00000000e0700000| PB 0x00000000e0700000| Complete 
|   8|0x00000000e0800000, 0x00000000e0900000, 0x00000000e0900000|100%| O|  |TAMS 0x00000000e0800000| PB 0x00000000e0800000| Untracked 
|   9|0x00000000e0900000, 0x00000000e0a00000, 0x00000000e0a00000|100%| O|  |TAMS 0x00000000e0900000| PB 0x00000000e0900000| Untracked 
|  10|0x00000000e0a00000, 0x00000000e0b00000, 0x00000000e0b00000|100%| O|  |TAMS 0x00000000e0a00000| PB 0x00000000e0a00000| Untracked 
|  11|0x00000000e0b00000, 0x00000000e0c00000, 0x00000000e0c00000|100%|HS|  |TAMS 0x00000000e0b00000| PB 0x00000000e0b00000| Complete 
|  12|0x00000000e0c00000, 0x00000000e0d00000, 0x00000000e0d00000|100%| O|  |TAMS 0x00000000e0c00000| PB 0x00000000e0c00000| Untracked 
|  13|0x00000000e0d00000, 0x00000000e0e00000, 0x00000000e0e00000|100%| O|  |TAMS 0x00000000e0d00000| PB 0x00000000e0d00000| Untracked 
|  14|0x00000000e0e00000, 0x00000000e0f00000, 0x00000000e0f00000|100%| O|  |TAMS 0x00000000e0e00000| PB 0x00000000e0e00000| Untracked 
|  15|0x00000000e0f00000, 0x00000000e1000000, 0x00000000e1000000|100%| O|  |TAMS 0x00000000e0f00000| PB 0x00000000e0f00000| Untracked 
|  16|0x00000000e1000000, 0x00000000e1100000, 0x00000000e1100000|100%| O|  |TAMS 0x00000000e1000000| PB 0x00000000e1000000| Untracked 
|  17|0x00000000e1100000, 0x00000000e1200000, 0x00000000e1200000|100%| O|  |TAMS 0x00000000e1100000| PB 0x00000000e1100000| Untracked 
|  18|0x00000000e1200000, 0x00000000e1300000, 0x00000000e1300000|100%| O|  |TAMS 0x00000000e1200000| PB 0x00000000e1200000| Untracked 
|  19|0x00000000e1300000, 0x00000000e1400000, 0x00000000e1400000|100%| O|  |TAMS 0x00000000e1300000| PB 0x00000000e1300000| Untracked 
|  20|0x00000000e1400000, 0x00000000e1500000, 0x00000000e1500000|100%| O|  |TAMS 0x00000000e1400000| PB 0x00000000e1400000| Untracked 
|  21|0x00000000e1500000, 0x00000000e1600000, 0x00000000e1600000|100%| O|  |TAMS 0x00000000e1500000| PB 0x00000000e1500000| Untracked 
|  22|0x00000000e1600000, 0x00000000e1700000, 0x00000000e1700000|100%| O|  |TAMS 0x00000000e1600000| PB 0x00000000e1600000| Untracked 
|  23|0x00000000e1700000, 0x00000000e1800000, 0x00000000e1800000|100%| O|  |TAMS 0x00000000e1700000| PB 0x00000000e1700000| Untracked 
|  24|0x00000000e1800000, 0x00000000e1900000, 0x00000000e1900000|100%| O|  |TAMS 0x00000000e1800000| PB 0x00000000e1800000| Untracked 
|  25|0x00000000e1900000, 0x00000000e1a00000, 0x00000000e1a00000|100%| O|  |TAMS 0x00000000e1900000| PB 0x00000000e1900000| Untracked 
|  26|0x00000000e1a00000, 0x00000000e1b00000, 0x00000000e1b00000|100%| O|  |TAMS 0x00000000e1a00000| PB 0x00000000e1a00000| Untracked 
|  27|0x00000000e1b00000, 0x00000000e1c00000, 0x00000000e1c00000|100%| O|  |TAMS 0x00000000e1b00000| PB 0x00000000e1b00000| Untracked 
|  28|0x00000000e1c00000, 0x00000000e1d00000, 0x00000000e1d00000|100%| O|  |TAMS 0x00000000e1c00000| PB 0x00000000e1c00000| Untracked 
|  29|0x00000000e1d00000, 0x00000000e1e00000, 0x00000000e1e00000|100%| O|  |TAMS 0x00000000e1d00000| PB 0x00000000e1d00000| Untracked 
|  30|0x00000000e1e00000, 0x00000000e1f00000, 0x00000000e1f00000|100%| O|Cm|TAMS 0x00000000e1e00000| PB 0x00000000e1e00000| Complete 
|  31|0x00000000e1f00000, 0x00000000e2000000, 0x00000000e2000000|100%|HS|  |TAMS 0x00000000e1f00000| PB 0x00000000e1f00000| Complete 
|  32|0x00000000e2000000, 0x00000000e2000000, 0x00000000e2100000|  0%| F|  |TAMS 0x00000000e2000000| PB 0x00000000e2000000| Untracked 
|  33|0x00000000e2100000, 0x00000000e2100000, 0x00000000e2200000|  0%| F|  |TAMS 0x00000000e2100000| PB 0x00000000e2100000| Untracked 
|  34|0x00000000e2200000, 0x00000000e2200000, 0x00000000e2300000|  0%| F|  |TAMS 0x00000000e2200000| PB 0x00000000e2200000| Untracked 
|  35|0x00000000e2300000, 0x00000000e2300000, 0x00000000e2400000|  0%| F|  |TAMS 0x00000000e2300000| PB 0x00000000e2300000| Untracked 
|  36|0x00000000e2400000, 0x00000000e2400000, 0x00000000e2500000|  0%| F|  |TAMS 0x00000000e2400000| PB 0x00000000e2400000| Untracked 
|  37|0x00000000e2500000, 0x00000000e2500000, 0x00000000e2600000|  0%| F|  |TAMS 0x00000000e2500000| PB 0x00000000e2500000| Untracked 
|  38|0x00000000e2600000, 0x00000000e2600000, 0x00000000e2700000|  0%| F|  |TAMS 0x00000000e2600000| PB 0x00000000e2600000| Untracked 
|  39|0x00000000e2700000, 0x00000000e2700000, 0x00000000e2800000|  0%| F|  |TAMS 0x00000000e2700000| PB 0x00000000e2700000| Untracked 
|  40|0x00000000e2800000, 0x00000000e2800000, 0x00000000e2900000|  0%| F|  |TAMS 0x00000000e2800000| PB 0x00000000e2800000| Untracked 
|  41|0x00000000e2900000, 0x00000000e2900000, 0x00000000e2a00000|  0%| F|  |TAMS 0x00000000e2900000| PB 0x00000000e2900000| Untracked 
|  42|0x00000000e2a00000, 0x00000000e2a00000, 0x00000000e2b00000|  0%| F|  |TAMS 0x00000000e2a00000| PB 0x00000000e2a00000| Untracked 
|  43|0x00000000e2b00000, 0x00000000e2b00000, 0x00000000e2c00000|  0%| F|  |TAMS 0x00000000e2b00000| PB 0x00000000e2b00000| Untracked 
|  44|0x00000000e2c00000, 0x00000000e2c00000, 0x00000000e2d00000|  0%| F|  |TAMS 0x00000000e2c00000| PB 0x00000000e2c00000| Untracked 
|  45|0x00000000e2d00000, 0x00000000e2d00000, 0x00000000e2e00000|  0%| F|  |TAMS 0x00000000e2d00000| PB 0x00000000e2d00000| Untracked 
|  46|0x00000000e2e00000, 0x00000000e2e00000, 0x00000000e2f00000|  0%| F|  |TAMS 0x00000000e2e00000| PB 0x00000000e2e00000| Untracked 
|  47|0x00000000e2f00000, 0x00000000e2f00000, 0x00000000e3000000|  0%| F|  |TAMS 0x00000000e2f00000| PB 0x00000000e2f00000| Untracked 
|  48|0x00000000e3000000, 0x00000000e3000000, 0x00000000e3100000|  0%| F|  |TAMS 0x00000000e3000000| PB 0x00000000e3000000| Untracked 
|  49|0x00000000e3100000, 0x00000000e3100000, 0x00000000e3200000|  0%| F|  |TAMS 0x00000000e3100000| PB 0x00000000e3100000| Untracked 
|  50|0x00000000e3200000, 0x00000000e3200000, 0x00000000e3300000|  0%| F|  |TAMS 0x00000000e3200000| PB 0x00000000e3200000| Untracked 
|  51|0x00000000e3300000, 0x00000000e3300000, 0x00000000e3400000|  0%| F|  |TAMS 0x00000000e3300000| PB 0x00000000e3300000| Untracked 
|  52|0x00000000e3400000, 0x00000000e3400000, 0x00000000e3500000|  0%| F|  |TAMS 0x00000000e3400000| PB 0x00000000e3400000| Untracked 
|  53|0x00000000e3500000, 0x00000000e3500000, 0x00000000e3600000|  0%| F|  |TAMS 0x00000000e3500000| PB 0x00000000e3500000| Untracked 
|  54|0x00000000e3600000, 0x00000000e3600000, 0x00000000e3700000|  0%| F|  |TAMS 0x00000000e3600000| PB 0x00000000e3600000| Untracked 
|  55|0x00000000e3700000, 0x00000000e3700000, 0x00000000e3800000|  0%| F|  |TAMS 0x00000000e3700000| PB 0x00000000e3700000| Untracked 
|  56|0x00000000e3800000, 0x00000000e3800000, 0x00000000e3900000|  0%| F|  |TAMS 0x00000000e3800000| PB 0x00000000e3800000| Untracked 
|  57|0x00000000e3900000, 0x00000000e3900000, 0x00000000e3a00000|  0%| F|  |TAMS 0x00000000e3900000| PB 0x00000000e3900000| Untracked 
|  58|0x00000000e3a00000, 0x00000000e3a00000, 0x00000000e3b00000|  0%| F|  |TAMS 0x00000000e3a00000| PB 0x00000000e3a00000| Untracked 
|  59|0x00000000e3b00000, 0x00000000e3b00000, 0x00000000e3c00000|  0%| F|  |TAMS 0x00000000e3b00000| PB 0x00000000e3b00000| Untracked 
|  60|0x00000000e3c00000, 0x00000000e3c00000, 0x00000000e3d00000|  0%| F|  |TAMS 0x00000000e3c00000| PB 0x00000000e3c00000| Untracked 
|  61|0x00000000e3d00000, 0x00000000e3d00000, 0x00000000e3e00000|  0%| F|  |TAMS 0x00000000e3d00000| PB 0x00000000e3d00000| Untracked 
|  62|0x00000000e3e00000, 0x00000000e3e00000, 0x00000000e3f00000|  0%| F|  |TAMS 0x00000000e3e00000| PB 0x00000000e3e00000| Untracked 
|  63|0x00000000e3f00000, 0x00000000e3f00000, 0x00000000e4000000|  0%| F|  |TAMS 0x00000000e3f00000| PB 0x00000000e3f00000| Untracked 
|  64|0x00000000e4000000, 0x00000000e4000000, 0x00000000e4100000|  0%| F|  |TAMS 0x00000000e4000000| PB 0x00000000e4000000| Untracked 
|  65|0x00000000e4100000, 0x00000000e4100000, 0x00000000e4200000|  0%| F|  |TAMS 0x00000000e4100000| PB 0x00000000e4100000| Untracked 
|  66|0x00000000e4200000, 0x00000000e4200000, 0x00000000e4300000|  0%| F|  |TAMS 0x00000000e4200000| PB 0x00000000e4200000| Untracked 
|  67|0x00000000e4300000, 0x00000000e4300000, 0x00000000e4400000|  0%| F|  |TAMS 0x00000000e4300000| PB 0x00000000e4300000| Untracked 
|  68|0x00000000e4400000, 0x00000000e4400000, 0x00000000e4500000|  0%| F|  |TAMS 0x00000000e4400000| PB 0x00000000e4400000| Untracked 
|  69|0x00000000e4500000, 0x00000000e4500000, 0x00000000e4600000|  0%| F|  |TAMS 0x00000000e4500000| PB 0x00000000e4500000| Untracked 
|  70|0x00000000e4600000, 0x00000000e4600000, 0x00000000e4700000|  0%| F|  |TAMS 0x00000000e4600000| PB 0x00000000e4600000| Untracked 
|  71|0x00000000e4700000, 0x00000000e4700000, 0x00000000e4800000|  0%| F|  |TAMS 0x00000000e4700000| PB 0x00000000e4700000| Untracked 
|  72|0x00000000e4800000, 0x00000000e4800000, 0x00000000e4900000|  0%| F|  |TAMS 0x00000000e4800000| PB 0x00000000e4800000| Untracked 
|  73|0x00000000e4900000, 0x00000000e4900000, 0x00000000e4a00000|  0%| F|  |TAMS 0x00000000e4900000| PB 0x00000000e4900000| Untracked 
|  74|0x00000000e4a00000, 0x00000000e4a00000, 0x00000000e4b00000|  0%| F|  |TAMS 0x00000000e4a00000| PB 0x00000000e4a00000| Untracked 
|  75|0x00000000e4b00000, 0x00000000e4b00000, 0x00000000e4c00000|  0%| F|  |TAMS 0x00000000e4b00000| PB 0x00000000e4b00000| Untracked 
|  76|0x00000000e4c00000, 0x00000000e4c00000, 0x00000000e4d00000|  0%| F|  |TAMS 0x00000000e4c00000| PB 0x00000000e4c00000| Untracked 
|  77|0x00000000e4d00000, 0x00000000e4d00000, 0x00000000e4e00000|  0%| F|  |TAMS 0x00000000e4d00000| PB 0x00000000e4d00000| Untracked 
|  78|0x00000000e4e00000, 0x00000000e4e00000, 0x00000000e4f00000|  0%| F|  |TAMS 0x00000000e4e00000| PB 0x00000000e4e00000| Untracked 
|  79|0x00000000e4f00000, 0x00000000e4f00000, 0x00000000e5000000|  0%| F|  |TAMS 0x00000000e4f00000| PB 0x00000000e4f00000| Untracked 
|  80|0x00000000e5000000, 0x00000000e5000000, 0x00000000e5100000|  0%| F|  |TAMS 0x00000000e5000000| PB 0x00000000e5000000| Untracked 
|  81|0x00000000e5100000, 0x00000000e5100000, 0x00000000e5200000|  0%| F|  |TAMS 0x00000000e5100000| PB 0x00000000e5100000| Untracked 
|  82|0x00000000e5200000, 0x00000000e5200000, 0x00000000e5300000|  0%| F|  |TAMS 0x00000000e5200000| PB 0x00000000e5200000| Untracked 
|  83|0x00000000e5300000, 0x00000000e5300000, 0x00000000e5400000|  0%| F|  |TAMS 0x00000000e5300000| PB 0x00000000e5300000| Untracked 
|  84|0x00000000e5400000, 0x00000000e5400000, 0x00000000e5500000|  0%| F|  |TAMS 0x00000000e5400000| PB 0x00000000e5400000| Untracked 
|  85|0x00000000e5500000, 0x00000000e5500000, 0x00000000e5600000|  0%| F|  |TAMS 0x00000000e5500000| PB 0x00000000e5500000| Untracked 
|  86|0x00000000e5600000, 0x00000000e5600000, 0x00000000e5700000|  0%| F|  |TAMS 0x00000000e5600000| PB 0x00000000e5600000| Untracked 
|  87|0x00000000e5700000, 0x00000000e5700000, 0x00000000e5800000|  0%| F|  |TAMS 0x00000000e5700000| PB 0x00000000e5700000| Untracked 
|  88|0x00000000e5800000, 0x00000000e5800000, 0x00000000e5900000|  0%| F|  |TAMS 0x00000000e5800000| PB 0x00000000e5800000| Untracked 
|  89|0x00000000e5900000, 0x00000000e5900000, 0x00000000e5a00000|  0%| F|  |TAMS 0x00000000e5900000| PB 0x00000000e5900000| Untracked 
|  90|0x00000000e5a00000, 0x00000000e5a00000, 0x00000000e5b00000|  0%| F|  |TAMS 0x00000000e5a00000| PB 0x00000000e5a00000| Untracked 
|  91|0x00000000e5b00000, 0x00000000e5b00000, 0x00000000e5c00000|  0%| F|  |TAMS 0x00000000e5b00000| PB 0x00000000e5b00000| Untracked 
|  92|0x00000000e5c00000, 0x00000000e5c00000, 0x00000000e5d00000|  0%| F|  |TAMS 0x00000000e5c00000| PB 0x00000000e5c00000| Untracked 
|  93|0x00000000e5d00000, 0x00000000e5d00000, 0x00000000e5e00000|  0%| F|  |TAMS 0x00000000e5d00000| PB 0x00000000e5d00000| Untracked 
|  94|0x00000000e5e00000, 0x00000000e5e745e0, 0x00000000e5f00000| 45%| S|CS|TAMS 0x00000000e5e00000| PB 0x00000000e5e00000| Complete 
|  95|0x00000000e5f00000, 0x00000000e6000000, 0x00000000e6000000|100%| S|CS|TAMS 0x00000000e5f00000| PB 0x00000000e5f00000| Complete 
|  96|0x00000000e6000000, 0x00000000e6100000, 0x00000000e6100000|100%| S|CS|TAMS 0x00000000e6000000| PB 0x00000000e6000000| Complete 
|  97|0x00000000e6100000, 0x00000000e6200000, 0x00000000e6200000|100%| S|CS|TAMS 0x00000000e6100000| PB 0x00000000e6100000| Complete 
|  98|0x00000000e6200000, 0x00000000e6300000, 0x00000000e6300000|100%| S|CS|TAMS 0x00000000e6200000| PB 0x00000000e6200000| Complete 
|  99|0x00000000e6300000, 0x00000000e6400000, 0x00000000e6400000|100%| S|CS|TAMS 0x00000000e6300000| PB 0x00000000e6300000| Complete 
| 100|0x00000000e6400000, 0x00000000e6500000, 0x00000000e6500000|100%| S|CS|TAMS 0x00000000e6400000| PB 0x00000000e6400000| Complete 
| 101|0x00000000e6500000, 0x00000000e6600000, 0x00000000e6600000|100%| S|CS|TAMS 0x00000000e6500000| PB 0x00000000e6500000| Complete 
| 102|0x00000000e6600000, 0x00000000e6700000, 0x00000000e6700000|100%| S|CS|TAMS 0x00000000e6600000| PB 0x00000000e6600000| Complete 
| 103|0x00000000e6700000, 0x00000000e6700000, 0x00000000e6800000|  0%| F|  |TAMS 0x00000000e6700000| PB 0x00000000e6700000| Untracked 
| 104|0x00000000e6800000, 0x00000000e6800000, 0x00000000e6900000|  0%| F|  |TAMS 0x00000000e6800000| PB 0x00000000e6800000| Untracked 
| 105|0x00000000e6900000, 0x00000000e6900000, 0x00000000e6a00000|  0%| F|  |TAMS 0x00000000e6900000| PB 0x00000000e6900000| Untracked 
| 106|0x00000000e6a00000, 0x00000000e6a00000, 0x00000000e6b00000|  0%| F|  |TAMS 0x00000000e6a00000| PB 0x00000000e6a00000| Untracked 
| 107|0x00000000e6b00000, 0x00000000e6b00000, 0x00000000e6c00000|  0%| F|  |TAMS 0x00000000e6b00000| PB 0x00000000e6b00000| Untracked 
| 108|0x00000000e6c00000, 0x00000000e6c00000, 0x00000000e6d00000|  0%| F|  |TAMS 0x00000000e6c00000| PB 0x00000000e6c00000| Untracked 
| 109|0x00000000e6d00000, 0x00000000e6d00000, 0x00000000e6e00000|  0%| F|  |TAMS 0x00000000e6d00000| PB 0x00000000e6d00000| Untracked 
| 110|0x00000000e6e00000, 0x00000000e6e00000, 0x00000000e6f00000|  0%| F|  |TAMS 0x00000000e6e00000| PB 0x00000000e6e00000| Untracked 
| 111|0x00000000e6f00000, 0x00000000e6f00000, 0x00000000e7000000|  0%| F|  |TAMS 0x00000000e6f00000| PB 0x00000000e6f00000| Untracked 
| 112|0x00000000e7000000, 0x00000000e7000000, 0x00000000e7100000|  0%| F|  |TAMS 0x00000000e7000000| PB 0x00000000e7000000| Untracked 
| 113|0x00000000e7100000, 0x00000000e7100000, 0x00000000e7200000|  0%| F|  |TAMS 0x00000000e7100000| PB 0x00000000e7100000| Untracked 
| 114|0x00000000e7200000, 0x00000000e7200000, 0x00000000e7300000|  0%| F|  |TAMS 0x00000000e7200000| PB 0x00000000e7200000| Untracked 
| 115|0x00000000e7300000, 0x00000000e7300000, 0x00000000e7400000|  0%| F|  |TAMS 0x00000000e7300000| PB 0x00000000e7300000| Untracked 
| 116|0x00000000e7400000, 0x00000000e7400000, 0x00000000e7500000|  0%| F|  |TAMS 0x00000000e7400000| PB 0x00000000e7400000| Untracked 
| 117|0x00000000e7500000, 0x00000000e7500000, 0x00000000e7600000|  0%| F|  |TAMS 0x00000000e7500000| PB 0x00000000e7500000| Untracked 
| 118|0x00000000e7600000, 0x00000000e7600000, 0x00000000e7700000|  0%| F|  |TAMS 0x00000000e7600000| PB 0x00000000e7600000| Untracked 
| 119|0x00000000e7700000, 0x00000000e7700000, 0x00000000e7800000|  0%| F|  |TAMS 0x00000000e7700000| PB 0x00000000e7700000| Untracked 
| 120|0x00000000e7800000, 0x00000000e7800000, 0x00000000e7900000|  0%| F|  |TAMS 0x00000000e7800000| PB 0x00000000e7800000| Untracked 
| 121|0x00000000e7900000, 0x00000000e7900000, 0x00000000e7a00000|  0%| F|  |TAMS 0x00000000e7900000| PB 0x00000000e7900000| Untracked 
| 122|0x00000000e7a00000, 0x00000000e7a00000, 0x00000000e7b00000|  0%| F|  |TAMS 0x00000000e7a00000| PB 0x00000000e7a00000| Untracked 
| 123|0x00000000e7b00000, 0x00000000e7b00000, 0x00000000e7c00000|  0%| F|  |TAMS 0x00000000e7b00000| PB 0x00000000e7b00000| Untracked 
| 124|0x00000000e7c00000, 0x00000000e7c00000, 0x00000000e7d00000|  0%| F|  |TAMS 0x00000000e7c00000| PB 0x00000000e7c00000| Untracked 
| 125|0x00000000e7d00000, 0x00000000e7d00000, 0x00000000e7e00000|  0%| F|  |TAMS 0x00000000e7d00000| PB 0x00000000e7d00000| Untracked 
| 126|0x00000000e7e00000, 0x00000000e7e00000, 0x00000000e7f00000|  0%| F|  |TAMS 0x00000000e7e00000| PB 0x00000000e7e00000| Untracked 
| 127|0x00000000e7f00000, 0x00000000e7f00000, 0x00000000e8000000|  0%| F|  |TAMS 0x00000000e7f00000| PB 0x00000000e7f00000| Untracked 
| 128|0x00000000e8000000, 0x00000000e8000000, 0x00000000e8100000|  0%| F|  |TAMS 0x00000000e8000000| PB 0x00000000e8000000| Untracked 
| 129|0x00000000e8100000, 0x00000000e8100000, 0x00000000e8200000|  0%| F|  |TAMS 0x00000000e8100000| PB 0x00000000e8100000| Untracked 
| 130|0x00000000e8200000, 0x00000000e8200000, 0x00000000e8300000|  0%| F|  |TAMS 0x00000000e8200000| PB 0x00000000e8200000| Untracked 
| 131|0x00000000e8300000, 0x00000000e8300000, 0x00000000e8400000|  0%| F|  |TAMS 0x00000000e8300000| PB 0x00000000e8300000| Untracked 
| 132|0x00000000e8400000, 0x00000000e8400000, 0x00000000e8500000|  0%| F|  |TAMS 0x00000000e8400000| PB 0x00000000e8400000| Untracked 
| 133|0x00000000e8500000, 0x00000000e8500000, 0x00000000e8600000|  0%| F|  |TAMS 0x00000000e8500000| PB 0x00000000e8500000| Untracked 
| 134|0x00000000e8600000, 0x00000000e8600000, 0x00000000e8700000|  0%| F|  |TAMS 0x00000000e8600000| PB 0x00000000e8600000| Untracked 
| 135|0x00000000e8700000, 0x00000000e8700000, 0x00000000e8800000|  0%| F|  |TAMS 0x00000000e8700000| PB 0x00000000e8700000| Untracked 
| 136|0x00000000e8800000, 0x00000000e8800000, 0x00000000e8900000|  0%| F|  |TAMS 0x00000000e8800000| PB 0x00000000e8800000| Untracked 
| 137|0x00000000e8900000, 0x00000000e8900000, 0x00000000e8a00000|  0%| F|  |TAMS 0x00000000e8900000| PB 0x00000000e8900000| Untracked 
| 138|0x00000000e8a00000, 0x00000000e8a00000, 0x00000000e8b00000|  0%| F|  |TAMS 0x00000000e8a00000| PB 0x00000000e8a00000| Untracked 
| 139|0x00000000e8b00000, 0x00000000e8b00000, 0x00000000e8c00000|  0%| F|  |TAMS 0x00000000e8b00000| PB 0x00000000e8b00000| Untracked 
| 140|0x00000000e8c00000, 0x00000000e8c00000, 0x00000000e8d00000|  0%| F|  |TAMS 0x00000000e8c00000| PB 0x00000000e8c00000| Untracked 
| 141|0x00000000e8d00000, 0x00000000e8d00000, 0x00000000e8e00000|  0%| F|  |TAMS 0x00000000e8d00000| PB 0x00000000e8d00000| Untracked 
| 142|0x00000000e8e00000, 0x00000000e8e00000, 0x00000000e8f00000|  0%| F|  |TAMS 0x00000000e8e00000| PB 0x00000000e8e00000| Untracked 
| 143|0x00000000e8f00000, 0x00000000e8f00000, 0x00000000e9000000|  0%| F|  |TAMS 0x00000000e8f00000| PB 0x00000000e8f00000| Untracked 
| 144|0x00000000e9000000, 0x00000000e9000000, 0x00000000e9100000|  0%| F|  |TAMS 0x00000000e9000000| PB 0x00000000e9000000| Untracked 
| 145|0x00000000e9100000, 0x00000000e9100000, 0x00000000e9200000|  0%| F|  |TAMS 0x00000000e9100000| PB 0x00000000e9100000| Untracked 
| 146|0x00000000e9200000, 0x00000000e9200000, 0x00000000e9300000|  0%| F|  |TAMS 0x00000000e9200000| PB 0x00000000e9200000| Untracked 
| 147|0x00000000e9300000, 0x00000000e9300000, 0x00000000e9400000|  0%| F|  |TAMS 0x00000000e9300000| PB 0x00000000e9300000| Untracked 
| 148|0x00000000e9400000, 0x00000000e9400000, 0x00000000e9500000|  0%| F|  |TAMS 0x00000000e9400000| PB 0x00000000e9400000| Untracked 
| 149|0x00000000e9500000, 0x00000000e9500000, 0x00000000e9600000|  0%| F|  |TAMS 0x00000000e9500000| PB 0x00000000e9500000| Untracked 
| 150|0x00000000e9600000, 0x00000000e9600000, 0x00000000e9700000|  0%| F|  |TAMS 0x00000000e9600000| PB 0x00000000e9600000| Untracked 
| 151|0x00000000e9700000, 0x00000000e9700000, 0x00000000e9800000|  0%| F|  |TAMS 0x00000000e9700000| PB 0x00000000e9700000| Untracked 
| 152|0x00000000e9800000, 0x00000000e9880000, 0x00000000e9900000| 50%| E|  |TAMS 0x00000000e9800000| PB 0x00000000e9800000| Complete 
| 153|0x00000000e9900000, 0x00000000e9a00000, 0x00000000e9a00000|100%| E|CS|TAMS 0x00000000e9900000| PB 0x00000000e9900000| Complete 
| 154|0x00000000e9a00000, 0x00000000e9b00000, 0x00000000e9b00000|100%| E|CS|TAMS 0x00000000e9a00000| PB 0x00000000e9a00000| Complete 
| 155|0x00000000e9b00000, 0x00000000e9c00000, 0x00000000e9c00000|100%| E|CS|TAMS 0x00000000e9b00000| PB 0x00000000e9b00000| Complete 
| 156|0x00000000e9c00000, 0x00000000e9d00000, 0x00000000e9d00000|100%| E|CS|TAMS 0x00000000e9c00000| PB 0x00000000e9c00000| Complete 
| 157|0x00000000e9d00000, 0x00000000e9e00000, 0x00000000e9e00000|100%| E|CS|TAMS 0x00000000e9d00000| PB 0x00000000e9d00000| Complete 
| 158|0x00000000e9e00000, 0x00000000e9f00000, 0x00000000e9f00000|100%| E|CS|TAMS 0x00000000e9e00000| PB 0x00000000e9e00000| Complete 
| 159|0x00000000e9f00000, 0x00000000ea000000, 0x00000000ea000000|100%| E|CS|TAMS 0x00000000e9f00000| PB 0x00000000e9f00000| Complete 
| 160|0x00000000ea000000, 0x00000000ea100000, 0x00000000ea100000|100%| E|CS|TAMS 0x00000000ea000000| PB 0x00000000ea000000| Complete 
| 161|0x00000000ea100000, 0x00000000ea200000, 0x00000000ea200000|100%| E|CS|TAMS 0x00000000ea100000| PB 0x00000000ea100000| Complete 
| 162|0x00000000ea200000, 0x00000000ea300000, 0x00000000ea300000|100%| E|CS|TAMS 0x00000000ea200000| PB 0x00000000ea200000| Complete 
| 163|0x00000000ea300000, 0x00000000ea400000, 0x00000000ea400000|100%| E|CS|TAMS 0x00000000ea300000| PB 0x00000000ea300000| Complete 
| 164|0x00000000ea400000, 0x00000000ea500000, 0x00000000ea500000|100%| E|CS|TAMS 0x00000000ea400000| PB 0x00000000ea400000| Complete 
| 165|0x00000000ea500000, 0x00000000ea600000, 0x00000000ea600000|100%| E|CS|TAMS 0x00000000ea500000| PB 0x00000000ea500000| Complete 
| 166|0x00000000ea600000, 0x00000000ea700000, 0x00000000ea700000|100%| E|CS|TAMS 0x00000000ea600000| PB 0x00000000ea600000| Complete 
| 167|0x00000000ea700000, 0x00000000ea800000, 0x00000000ea800000|100%| E|CS|TAMS 0x00000000ea700000| PB 0x00000000ea700000| Complete 
| 168|0x00000000ea800000, 0x00000000ea900000, 0x00000000ea900000|100%| E|CS|TAMS 0x00000000ea800000| PB 0x00000000ea800000| Complete 
| 169|0x00000000ea900000, 0x00000000eaa00000, 0x00000000eaa00000|100%| E|CS|TAMS 0x00000000ea900000| PB 0x00000000ea900000| Complete 
| 170|0x00000000eaa00000, 0x00000000eab00000, 0x00000000eab00000|100%| E|CS|TAMS 0x00000000eaa00000| PB 0x00000000eaa00000| Complete 
| 171|0x00000000eab00000, 0x00000000eac00000, 0x00000000eac00000|100%| E|CS|TAMS 0x00000000eab00000| PB 0x00000000eab00000| Complete 
| 172|0x00000000eac00000, 0x00000000ead00000, 0x00000000ead00000|100%| E|CS|TAMS 0x00000000eac00000| PB 0x00000000eac00000| Complete 
| 173|0x00000000ead00000, 0x00000000eae00000, 0x00000000eae00000|100%| E|CS|TAMS 0x00000000ead00000| PB 0x00000000ead00000| Complete 
| 174|0x00000000eae00000, 0x00000000eaf00000, 0x00000000eaf00000|100%| E|CS|TAMS 0x00000000eae00000| PB 0x00000000eae00000| Complete 
| 175|0x00000000eaf00000, 0x00000000eb000000, 0x00000000eb000000|100%| E|CS|TAMS 0x00000000eaf00000| PB 0x00000000eaf00000| Complete 
| 176|0x00000000eb000000, 0x00000000eb100000, 0x00000000eb100000|100%| E|CS|TAMS 0x00000000eb000000| PB 0x00000000eb000000| Complete 
| 177|0x00000000eb100000, 0x00000000eb200000, 0x00000000eb200000|100%| E|CS|TAMS 0x00000000eb100000| PB 0x00000000eb100000| Complete 
| 178|0x00000000eb200000, 0x00000000eb300000, 0x00000000eb300000|100%| E|CS|TAMS 0x00000000eb200000| PB 0x00000000eb200000| Complete 
| 179|0x00000000eb300000, 0x00000000eb400000, 0x00000000eb400000|100%| E|CS|TAMS 0x00000000eb300000| PB 0x00000000eb300000| Complete 
| 180|0x00000000eb400000, 0x00000000eb500000, 0x00000000eb500000|100%| E|CS|TAMS 0x00000000eb400000| PB 0x00000000eb400000| Complete 
| 181|0x00000000eb500000, 0x00000000eb600000, 0x00000000eb600000|100%| E|CS|TAMS 0x00000000eb500000| PB 0x00000000eb500000| Complete 
| 182|0x00000000eb600000, 0x00000000eb700000, 0x00000000eb700000|100%| E|CS|TAMS 0x00000000eb600000| PB 0x00000000eb600000| Complete 
| 183|0x00000000eb700000, 0x00000000eb800000, 0x00000000eb800000|100%| E|CS|TAMS 0x00000000eb700000| PB 0x00000000eb700000| Complete 
| 184|0x00000000eb800000, 0x00000000eb900000, 0x00000000eb900000|100%| E|CS|TAMS 0x00000000eb800000| PB 0x00000000eb800000| Complete 
| 185|0x00000000eb900000, 0x00000000eba00000, 0x00000000eba00000|100%| E|CS|TAMS 0x00000000eb900000| PB 0x00000000eb900000| Complete 
| 186|0x00000000eba00000, 0x00000000ebb00000, 0x00000000ebb00000|100%| E|CS|TAMS 0x00000000eba00000| PB 0x00000000eba00000| Complete 
| 187|0x00000000ebb00000, 0x00000000ebc00000, 0x00000000ebc00000|100%| E|CS|TAMS 0x00000000ebb00000| PB 0x00000000ebb00000| Complete 
| 188|0x00000000ebc00000, 0x00000000ebd00000, 0x00000000ebd00000|100%| E|CS|TAMS 0x00000000ebc00000| PB 0x00000000ebc00000| Complete 
| 189|0x00000000ebd00000, 0x00000000ebe00000, 0x00000000ebe00000|100%| E|CS|TAMS 0x00000000ebd00000| PB 0x00000000ebd00000| Complete 
| 190|0x00000000ebe00000, 0x00000000ebf00000, 0x00000000ebf00000|100%| E|CS|TAMS 0x00000000ebe00000| PB 0x00000000ebe00000| Complete 
| 191|0x00000000ebf00000, 0x00000000ec000000, 0x00000000ec000000|100%| E|CS|TAMS 0x00000000ebf00000| PB 0x00000000ebf00000| Complete 
| 192|0x00000000ec000000, 0x00000000ec100000, 0x00000000ec100000|100%| E|CS|TAMS 0x00000000ec000000| PB 0x00000000ec000000| Complete 
| 193|0x00000000ec100000, 0x00000000ec200000, 0x00000000ec200000|100%| E|CS|TAMS 0x00000000ec100000| PB 0x00000000ec100000| Complete 
| 194|0x00000000ec200000, 0x00000000ec300000, 0x00000000ec300000|100%| E|CS|TAMS 0x00000000ec200000| PB 0x00000000ec200000| Complete 
| 195|0x00000000ec300000, 0x00000000ec400000, 0x00000000ec400000|100%| E|CS|TAMS 0x00000000ec300000| PB 0x00000000ec300000| Complete 
| 196|0x00000000ec400000, 0x00000000ec500000, 0x00000000ec500000|100%| E|CS|TAMS 0x00000000ec400000| PB 0x00000000ec400000| Complete 
| 197|0x00000000ec500000, 0x00000000ec600000, 0x00000000ec600000|100%| E|CS|TAMS 0x00000000ec500000| PB 0x00000000ec500000| Complete 
| 198|0x00000000ec600000, 0x00000000ec700000, 0x00000000ec700000|100%| E|CS|TAMS 0x00000000ec600000| PB 0x00000000ec600000| Complete 
| 199|0x00000000ec700000, 0x00000000ec800000, 0x00000000ec800000|100%| E|CS|TAMS 0x00000000ec700000| PB 0x00000000ec700000| Complete 
| 200|0x00000000ec800000, 0x00000000ec900000, 0x00000000ec900000|100%| E|CS|TAMS 0x00000000ec800000| PB 0x00000000ec800000| Complete 
| 201|0x00000000ec900000, 0x00000000eca00000, 0x00000000eca00000|100%| E|CS|TAMS 0x00000000ec900000| PB 0x00000000ec900000| Complete 
| 202|0x00000000eca00000, 0x00000000ecb00000, 0x00000000ecb00000|100%| E|CS|TAMS 0x00000000eca00000| PB 0x00000000eca00000| Complete 
| 203|0x00000000ecb00000, 0x00000000ecc00000, 0x00000000ecc00000|100%| E|CS|TAMS 0x00000000ecb00000| PB 0x00000000ecb00000| Complete 
| 204|0x00000000ecc00000, 0x00000000ecd00000, 0x00000000ecd00000|100%| E|CS|TAMS 0x00000000ecc00000| PB 0x00000000ecc00000| Complete 
| 205|0x00000000ecd00000, 0x00000000ece00000, 0x00000000ece00000|100%| E|CS|TAMS 0x00000000ecd00000| PB 0x00000000ecd00000| Complete 
| 206|0x00000000ece00000, 0x00000000ecf00000, 0x00000000ecf00000|100%| E|CS|TAMS 0x00000000ece00000| PB 0x00000000ece00000| Complete 
| 207|0x00000000ecf00000, 0x00000000ed000000, 0x00000000ed000000|100%| E|CS|TAMS 0x00000000ecf00000| PB 0x00000000ecf00000| Complete 
| 208|0x00000000ed000000, 0x00000000ed100000, 0x00000000ed100000|100%| E|CS|TAMS 0x00000000ed000000| PB 0x00000000ed000000| Complete 
| 209|0x00000000ed100000, 0x00000000ed200000, 0x00000000ed200000|100%| E|CS|TAMS 0x00000000ed100000| PB 0x00000000ed100000| Complete 
| 210|0x00000000ed200000, 0x00000000ed300000, 0x00000000ed300000|100%| E|CS|TAMS 0x00000000ed200000| PB 0x00000000ed200000| Complete 
| 211|0x00000000ed300000, 0x00000000ed400000, 0x00000000ed400000|100%| E|CS|TAMS 0x00000000ed300000| PB 0x00000000ed300000| Complete 
| 212|0x00000000ed400000, 0x00000000ed500000, 0x00000000ed500000|100%| E|CS|TAMS 0x00000000ed400000| PB 0x00000000ed400000| Complete 
| 213|0x00000000ed500000, 0x00000000ed600000, 0x00000000ed600000|100%| E|CS|TAMS 0x00000000ed500000| PB 0x00000000ed500000| Complete 
| 214|0x00000000ed600000, 0x00000000ed700000, 0x00000000ed700000|100%| E|CS|TAMS 0x00000000ed600000| PB 0x00000000ed600000| Complete 
| 215|0x00000000ed700000, 0x00000000ed800000, 0x00000000ed800000|100%| E|CS|TAMS 0x00000000ed700000| PB 0x00000000ed700000| Complete 
| 216|0x00000000ed800000, 0x00000000ed900000, 0x00000000ed900000|100%| E|CS|TAMS 0x00000000ed800000| PB 0x00000000ed800000| Complete 
| 217|0x00000000ed900000, 0x00000000eda00000, 0x00000000eda00000|100%| E|CS|TAMS 0x00000000ed900000| PB 0x00000000ed900000| Complete 
| 218|0x00000000eda00000, 0x00000000edb00000, 0x00000000edb00000|100%| E|CS|TAMS 0x00000000eda00000| PB 0x00000000eda00000| Complete 
| 219|0x00000000edb00000, 0x00000000edc00000, 0x00000000edc00000|100%| E|CS|TAMS 0x00000000edb00000| PB 0x00000000edb00000| Complete 
| 220|0x00000000edc00000, 0x00000000edd00000, 0x00000000edd00000|100%| E|CS|TAMS 0x00000000edc00000| PB 0x00000000edc00000| Complete 
| 221|0x00000000edd00000, 0x00000000ede00000, 0x00000000ede00000|100%| E|CS|TAMS 0x00000000edd00000| PB 0x00000000edd00000| Complete 
| 222|0x00000000ede00000, 0x00000000edf00000, 0x00000000edf00000|100%| E|CS|TAMS 0x00000000ede00000| PB 0x00000000ede00000| Complete 
| 223|0x00000000edf00000, 0x00000000ee000000, 0x00000000ee000000|100%| E|CS|TAMS 0x00000000edf00000| PB 0x00000000edf00000| Complete 
| 224|0x00000000ee000000, 0x00000000ee100000, 0x00000000ee100000|100%| E|CS|TAMS 0x00000000ee000000| PB 0x00000000ee000000| Complete 
| 225|0x00000000ee100000, 0x00000000ee200000, 0x00000000ee200000|100%| E|CS|TAMS 0x00000000ee100000| PB 0x00000000ee100000| Complete 
| 226|0x00000000ee200000, 0x00000000ee300000, 0x00000000ee300000|100%| E|CS|TAMS 0x00000000ee200000| PB 0x00000000ee200000| Complete 
| 227|0x00000000ee300000, 0x00000000ee400000, 0x00000000ee400000|100%| E|CS|TAMS 0x00000000ee300000| PB 0x00000000ee300000| Complete 
| 228|0x00000000ee400000, 0x00000000ee500000, 0x00000000ee500000|100%| E|CS|TAMS 0x00000000ee400000| PB 0x00000000ee400000| Complete 
| 229|0x00000000ee500000, 0x00000000ee600000, 0x00000000ee600000|100%| E|CS|TAMS 0x00000000ee500000| PB 0x00000000ee500000| Complete 
| 230|0x00000000ee600000, 0x00000000ee700000, 0x00000000ee700000|100%| E|CS|TAMS 0x00000000ee600000| PB 0x00000000ee600000| Complete 
| 231|0x00000000ee700000, 0x00000000ee800000, 0x00000000ee800000|100%| E|CS|TAMS 0x00000000ee700000| PB 0x00000000ee700000| Complete 
| 232|0x00000000ee800000, 0x00000000ee900000, 0x00000000ee900000|100%| E|CS|TAMS 0x00000000ee800000| PB 0x00000000ee800000| Complete 
| 233|0x00000000ee900000, 0x00000000eea00000, 0x00000000eea00000|100%| E|CS|TAMS 0x00000000ee900000| PB 0x00000000ee900000| Complete 
| 234|0x00000000eea00000, 0x00000000eeb00000, 0x00000000eeb00000|100%| E|CS|TAMS 0x00000000eea00000| PB 0x00000000eea00000| Complete 
| 235|0x00000000eeb00000, 0x00000000eec00000, 0x00000000eec00000|100%| E|CS|TAMS 0x00000000eeb00000| PB 0x00000000eeb00000| Complete 
| 236|0x00000000eec00000, 0x00000000eed00000, 0x00000000eed00000|100%| E|CS|TAMS 0x00000000eec00000| PB 0x00000000eec00000| Complete 
| 237|0x00000000eed00000, 0x00000000eee00000, 0x00000000eee00000|100%| E|CS|TAMS 0x00000000eed00000| PB 0x00000000eed00000| Complete 
| 238|0x00000000eee00000, 0x00000000eef00000, 0x00000000eef00000|100%| E|CS|TAMS 0x00000000eee00000| PB 0x00000000eee00000| Complete 
| 239|0x00000000eef00000, 0x00000000ef000000, 0x00000000ef000000|100%| E|CS|TAMS 0x00000000eef00000| PB 0x00000000eef00000| Complete 
| 240|0x00000000ef000000, 0x00000000ef100000, 0x00000000ef100000|100%| E|CS|TAMS 0x00000000ef000000| PB 0x00000000ef000000| Complete 
| 241|0x00000000ef100000, 0x00000000ef200000, 0x00000000ef200000|100%| E|CS|TAMS 0x00000000ef100000| PB 0x00000000ef100000| Complete 
| 242|0x00000000ef200000, 0x00000000ef300000, 0x00000000ef300000|100%| E|CS|TAMS 0x00000000ef200000| PB 0x00000000ef200000| Complete 
| 243|0x00000000ef300000, 0x00000000ef400000, 0x00000000ef400000|100%| E|CS|TAMS 0x00000000ef300000| PB 0x00000000ef300000| Complete 
| 244|0x00000000ef400000, 0x00000000ef500000, 0x00000000ef500000|100%| E|CS|TAMS 0x00000000ef400000| PB 0x00000000ef400000| Complete 
| 245|0x00000000ef500000, 0x00000000ef600000, 0x00000000ef600000|100%| E|CS|TAMS 0x00000000ef500000| PB 0x00000000ef500000| Complete 
| 246|0x00000000ef600000, 0x00000000ef700000, 0x00000000ef700000|100%| E|CS|TAMS 0x00000000ef600000| PB 0x00000000ef600000| Complete 
| 247|0x00000000ef700000, 0x00000000ef800000, 0x00000000ef800000|100%| E|CS|TAMS 0x00000000ef700000| PB 0x00000000ef700000| Complete 
| 248|0x00000000ef800000, 0x00000000ef900000, 0x00000000ef900000|100%| E|CS|TAMS 0x00000000ef800000| PB 0x00000000ef800000| Complete 
| 249|0x00000000ef900000, 0x00000000efa00000, 0x00000000efa00000|100%| E|CS|TAMS 0x00000000ef900000| PB 0x00000000ef900000| Complete 
| 250|0x00000000efa00000, 0x00000000efb00000, 0x00000000efb00000|100%| E|CS|TAMS 0x00000000efa00000| PB 0x00000000efa00000| Complete 
| 251|0x00000000efb00000, 0x00000000efc00000, 0x00000000efc00000|100%| E|CS|TAMS 0x00000000efb00000| PB 0x00000000efb00000| Complete 
| 252|0x00000000efc00000, 0x00000000efd00000, 0x00000000efd00000|100%| E|CS|TAMS 0x00000000efc00000| PB 0x00000000efc00000| Complete 
| 253|0x00000000efd00000, 0x00000000efe00000, 0x00000000efe00000|100%| E|CS|TAMS 0x00000000efd00000| PB 0x00000000efd00000| Complete 
| 254|0x00000000efe00000, 0x00000000eff00000, 0x00000000eff00000|100%| E|CS|TAMS 0x00000000efe00000| PB 0x00000000efe00000| Complete 
| 255|0x00000000eff00000, 0x00000000f0000000, 0x00000000f0000000|100%| E|CS|TAMS 0x00000000eff00000| PB 0x00000000eff00000| Complete 

Card table byte_map: [0x000002459a7b0000,0x000002459a8b0000] _byte_map_base: 0x000002459a0b0000

Marking Bits: (CMBitMap*) 0x00000245881aa1e0
 Bits: [0x000002459a8b0000, 0x000002459b0b0000)

Polling page: 0x0000024585fd0000

Metaspace:

Usage:
  Non-class:     48.89 MB used.
      Class:      8.56 MB used.
       Both:     57.45 MB used.

Virtual space:
  Non-class space:       64.00 MB reserved,      50.00 MB ( 78%) committed,  1 nodes.
      Class space:      320.00 MB reserved,       9.62 MB (  3%) committed,  1 nodes.
             Both:      384.00 MB reserved,      59.62 MB ( 16%) committed. 

Chunk freelists:
   Non-Class:  13.38 MB
       Class:  6.41 MB
        Both:  19.78 MB

MaxMetaspaceSize: 384.00 MB
CompressedClassSpaceSize: 320.00 MB
Initial GC threshold: 21.00 MB
Current GC threshold: 59.69 MB
CDS: on
 - commit_granule_bytes: 65536.
 - commit_granule_words: 8192.
 - virtual_space_node_default_size: 8388608.
 - enlarge_chunks_in_place: 1.
 - use_allocation_guard: 0.


Internal statistics:

num_allocs_failed_limit: 12.
num_arena_births: 4076.
num_arena_deaths: 0.
num_vsnodes_births: 2.
num_vsnodes_deaths: 0.
num_space_committed: 954.
num_space_uncommitted: 0.
num_chunks_returned_to_freelist: 12.
num_chunks_taken_from_freelist: 7153.
num_chunk_merges: 6.
num_chunk_splits: 4544.
num_chunks_enlarged: 2645.
num_inconsistent_stats: 0.

CodeHeap 'non-profiled nmethods': size=120000Kb used=4731Kb max_used=4731Kb free=115268Kb
 bounds [0x0000024592e50000, 0x00000245932f0000, 0x000002459a380000]
CodeHeap 'profiled nmethods': size=120000Kb used=15420Kb max_used=15420Kb free=104579Kb
 bounds [0x000002458b380000, 0x000002458c290000, 0x00000245928b0000]
CodeHeap 'non-nmethods': size=5760Kb used=1899Kb max_used=1944Kb free=3860Kb
 bounds [0x00000245928b0000, 0x0000024592b20000, 0x0000024592e50000]
CodeCache: size=245760Kb, used=22050Kb, max_used=22095Kb, free=223707Kb
 total_blobs=8831, nmethods=8063, adapters=672, full_count=0
Compilation: enabled, stopped_count=0, restarted_count=0

Compilation events (20 events):
Event: 78.379 Thread 0x000002459db3a680 nmethod 8484 0x000002458c28a110 code [0x000002458c28a460, 0x000002458c28b9b8]
Event: 78.383 Thread 0x000002459db3a680 8485       3       org.gradle.internal.instantiation.generator.AsmBackedClassGenerator$ClassBuilderImpl::access$1100 (4 bytes)
Event: 78.384 Thread 0x000002459db3a680 nmethod 8485 0x000002458c28c090 code [0x000002458c28c220, 0x000002458c28c318]
Event: 78.449 Thread 0x000002459db3a680 8486       3       org.gradle.internal.instantiation.generator.AsmBackedClassGenerator$ClassBuilderImpl::access$2400 (4 bytes)
Event: 78.450 Thread 0x000002459db3a680 nmethod 8486 0x000002458c28c390 code [0x000002458c28c520, 0x000002458c28c618]
Event: 78.493 Thread 0x000002459db34e20 8487       4       org.objectweb.asm.Frame::merge (395 bytes)
Event: 78.559 Thread 0x000002459db34e20 nmethod 8487 0x00000245932e7110 code [0x00000245932e73a0, 0x00000245932e86f8]
Event: 78.927 Thread 0x000002459db3a680 8488       3       org.gradle.internal.instantiation.generator.AbstractClassGenerator$ExtensibleTypePropertyHandler::applyTo (275 bytes)
Event: 78.930 Thread 0x000002459db3a680 nmethod 8488 0x000002458c28c690 code [0x000002458c28cac0, 0x000002458c28e940]
Event: 79.072 Thread 0x000002459db34e20 8489       4       sun.net.www.protocol.jar.Handler::parseURL (173 bytes)
Event: 79.186 Thread 0x000002459db34e20 nmethod 8489 0x00000245932e9390 code [0x00000245932e9660, 0x00000245932eb458]
Event: 79.186 Thread 0x000002459db34e20 8490       4       sun.net.www.protocol.jar.Handler::parseContextSpec (150 bytes)
Event: 79.212 Thread 0x000002459db34e20 nmethod 8490 0x00000245932ec610 code [0x00000245932ec7e0, 0x00000245932ecf58]
Event: 79.212 Thread 0x000002459db34e20 8493       4       java.util.regex.Matcher::search (154 bytes)
Event: 79.240 Thread 0x000002459db34e20 nmethod 8493 0x00000245932ed390 code [0x00000245932ed5a0, 0x00000245932edc60]
Event: 79.240 Thread 0x000002459db34e20 8491       4       sun.net.www.protocol.jar.Handler::indexOfBangSlash (52 bytes)
Event: 79.251 Thread 0x000002459db34e20 nmethod 8491 0x00000245932ee110 code [0x00000245932ee2c0, 0x00000245932ee570]
Event: 79.251 Thread 0x000002459db34e20 8492       4       sun.net.www.protocol.jar.Handler::canonicalizeString (72 bytes)
Event: 79.258 Thread 0x000002459db34e20 nmethod 8492 0x00000245932ee790 code [0x00000245932ee940, 0x00000245932eec98]
Event: 79.277 Thread 0x000002459db34e20 8494       4       jdk.internal.org.objectweb.asm.Frame::execute (2305 bytes)

GC Heap History (14 events):
Event: 4.391 GC heap before
{Heap before GC invocations=0 (full 0):
 garbage-first heap   total 262144K, used 26624K [0x00000000e0000000, 0x0000000100000000)
  region size 1024K, 23 young (23552K), 0 survivors (0K)
 Metaspace       used 2511K, committed 2688K, reserved 393216K
  class space    used 283K, committed 384K, reserved 327680K
}
Event: 4.734 GC heap after
{Heap after GC invocations=1 (full 0):
 garbage-first heap   total 262144K, used 11007K [0x00000000e0000000, 0x0000000100000000)
  region size 1024K, 3 young (3072K), 3 survivors (3072K)
 Metaspace       used 2511K, committed 2688K, reserved 393216K
  class space    used 283K, committed 384K, reserved 327680K
}
Event: 6.988 GC heap before
{Heap before GC invocations=1 (full 0):
 garbage-first heap   total 262144K, used 38655K [0x00000000e0000000, 0x0000000100000000)
  region size 1024K, 30 young (30720K), 3 survivors (3072K)
 Metaspace       used 4619K, committed 4800K, reserved 393216K
  class space    used 595K, committed 704K, reserved 327680K
}
Event: 6.994 GC heap after
{Heap after GC invocations=2 (full 0):
 garbage-first heap   total 262144K, used 12479K [0x00000000e0000000, 0x0000000100000000)
  region size 1024K, 2 young (2048K), 2 survivors (2048K)
 Metaspace       used 4619K, committed 4800K, reserved 393216K
  class space    used 595K, committed 704K, reserved 327680K
}
Event: 22.821 GC heap before
{Heap before GC invocations=2 (full 0):
 garbage-first heap   total 262144K, used 130239K [0x00000000e0000000, 0x0000000100000000)
  region size 1024K, 117 young (119808K), 2 survivors (2048K)
 Metaspace       used 20829K, committed 21504K, reserved 393216K
  class space    used 2989K, committed 3328K, reserved 327680K
}
Event: 22.980 GC heap after
{Heap after GC invocations=3 (full 0):
 garbage-first heap   total 262144K, used 24255K [0x00000000e0000000, 0x0000000100000000)
  region size 1024K, 12 young (12288K), 12 survivors (12288K)
 Metaspace       used 20829K, committed 21504K, reserved 393216K
  class space    used 2989K, committed 3328K, reserved 327680K
}
Event: 30.906 GC heap before
{Heap before GC invocations=4 (full 0):
 garbage-first heap   total 262144K, used 124607K [0x00000000e0000000, 0x0000000100000000)
  region size 1024K, 112 young (114688K), 12 survivors (12288K)
 Metaspace       used 34665K, committed 35968K, reserved 393216K
  class space    used 5099K, committed 5760K, reserved 327680K
}
Event: 30.934 GC heap after
{Heap after GC invocations=5 (full 0):
 garbage-first heap   total 262144K, used 31256K [0x00000000e0000000, 0x0000000100000000)
  region size 1024K, 8 young (8192K), 8 survivors (8192K)
 Metaspace       used 34665K, committed 35968K, reserved 393216K
  class space    used 5099K, committed 5760K, reserved 327680K
}
Event: 31.629 GC heap before
{Heap before GC invocations=5 (full 0):
 garbage-first heap   total 262144K, used 33304K [0x00000000e0000000, 0x0000000100000000)
  region size 1024K, 11 young (11264K), 8 survivors (8192K)
 Metaspace       used 34908K, committed 36288K, reserved 393216K
  class space    used 5142K, committed 5824K, reserved 327680K
}
Event: 31.648 GC heap after
{Heap after GC invocations=6 (full 0):
 garbage-first heap   total 262144K, used 31744K [0x00000000e0000000, 0x0000000100000000)
  region size 1024K, 1 young (1024K), 1 survivors (1024K)
 Metaspace       used 34908K, committed 36288K, reserved 393216K
  class space    used 5142K, committed 5824K, reserved 327680K
}
Event: 31.852 GC heap before
{Heap before GC invocations=6 (full 0):
 garbage-first heap   total 262144K, used 33792K [0x00000000e0000000, 0x0000000100000000)
  region size 1024K, 4 young (4096K), 1 survivors (1024K)
 Metaspace       used 35261K, committed 36608K, reserved 393216K
  class space    used 5195K, committed 5824K, reserved 327680K
}
Event: 31.855 GC heap after
{Heap after GC invocations=7 (full 0):
 garbage-first heap   total 262144K, used 31153K [0x00000000e0000000, 0x0000000100000000)
  region size 1024K, 1 young (1024K), 1 survivors (1024K)
 Metaspace       used 35261K, committed 36608K, reserved 393216K
  class space    used 5195K, committed 5824K, reserved 327680K
}
Event: 54.157 GC heap before
{Heap before GC invocations=8 (full 0):
 garbage-first heap   total 262144K, used 186801K [0x00000000e0000000, 0x0000000100000000)
  region size 1024K, 153 young (156672K), 1 survivors (1024K)
 Metaspace       used 50880K, committed 52992K, reserved 393216K
  class space    used 7762K, committed 8768K, reserved 327680K
}
Event: 54.200 GC heap after
{Heap after GC invocations=9 (full 0):
 garbage-first heap   total 262144K, used 39377K [0x00000000e0000000, 0x0000000100000000)
  region size 1024K, 9 young (9216K), 9 survivors (9216K)
 Metaspace       used 50880K, committed 52992K, reserved 393216K
  class space    used 7762K, committed 8768K, reserved 327680K
}

Dll operation events (20 events):
Event: 0.457 Attempting to load shared library C:\Users\Derick Mota\.vscode\extensions\redhat.java-1.56.0-win32-x64\jre\21.0.12.1-win32-x86_64\bin\nio.dll
Event: 0.458 Loaded shared library C:\Users\Derick Mota\.vscode\extensions\redhat.java-1.56.0-win32-x64\jre\21.0.12.1-win32-x86_64\bin\nio.dll
Event: 0.489 Attempting to load shared library C:\Users\Derick Mota\.vscode\extensions\redhat.java-1.56.0-win32-x64\jre\21.0.12.1-win32-x86_64\bin\zip.dll
Event: 0.489 Loaded shared library C:\Users\Derick Mota\.vscode\extensions\redhat.java-1.56.0-win32-x64\jre\21.0.12.1-win32-x86_64\bin\zip.dll
Event: 1.508 Attempting to load shared library C:\Users\Derick Mota\.vscode\extensions\redhat.java-1.56.0-win32-x64\jre\21.0.12.1-win32-x86_64\bin\jimage.dll
Event: 1.508 Loaded shared library C:\Users\Derick Mota\.vscode\extensions\redhat.java-1.56.0-win32-x64\jre\21.0.12.1-win32-x86_64\bin\jimage.dll
Event: 3.761 Attempting to load shared library C:\Users\Derick Mota\.vscode\extensions\redhat.java-1.56.0-win32-x64\jre\21.0.12.1-win32-x86_64\bin\verify.dll
Event: 3.790 Loaded shared library C:\Users\Derick Mota\.vscode\extensions\redhat.java-1.56.0-win32-x64\jre\21.0.12.1-win32-x86_64\bin\verify.dll
Event: 4.168 Attempting to load shared library C:\Users\Derick Mota\.gradle\native\660c5614fbf4a5f2a75b1949f50a0caf5cd603558e7d8a26e50b933a0cfb79d1\windows-amd64\native-platform.dll
Event: 4.169 Loaded shared library C:\Users\Derick Mota\.gradle\native\660c5614fbf4a5f2a75b1949f50a0caf5cd603558e7d8a26e50b933a0cfb79d1\windows-amd64\native-platform.dll
Event: 4.230 Attempting to load shared library C:\Users\Derick Mota\.gradle\native\0.2.8\x86_64-windows-gnu\gradle-fileevents.dll
Event: 4.231 Loaded shared library C:\Users\Derick Mota\.gradle\native\0.2.8\x86_64-windows-gnu\gradle-fileevents.dll
Event: 10.318 Attempting to load shared library C:\Users\Derick Mota\.vscode\extensions\redhat.java-1.56.0-win32-x64\jre\21.0.12.1-win32-x86_64\bin\management.dll
Event: 10.319 Loaded shared library C:\Users\Derick Mota\.vscode\extensions\redhat.java-1.56.0-win32-x64\jre\21.0.12.1-win32-x86_64\bin\management.dll
Event: 10.362 Attempting to load shared library C:\Users\Derick Mota\.vscode\extensions\redhat.java-1.56.0-win32-x64\jre\21.0.12.1-win32-x86_64\bin\management_ext.dll
Event: 10.363 Loaded shared library C:\Users\Derick Mota\.vscode\extensions\redhat.java-1.56.0-win32-x64\jre\21.0.12.1-win32-x86_64\bin\management_ext.dll
Event: 11.853 Attempting to load shared library C:\Users\Derick Mota\.vscode\extensions\redhat.java-1.56.0-win32-x64\jre\21.0.12.1-win32-x86_64\bin\extnet.dll
Event: 11.855 Loaded shared library C:\Users\Derick Mota\.vscode\extensions\redhat.java-1.56.0-win32-x64\jre\21.0.12.1-win32-x86_64\bin\extnet.dll
Event: 12.525 Attempting to load shared library C:\Users\Derick Mota\.vscode\extensions\redhat.java-1.56.0-win32-x64\jre\21.0.12.1-win32-x86_64\bin\sunmscapi.dll
Event: 12.532 Loaded shared library C:\Users\Derick Mota\.vscode\extensions\redhat.java-1.56.0-win32-x64\jre\21.0.12.1-win32-x86_64\bin\sunmscapi.dll

Deoptimization events (20 events):
Event: 72.359 Thread 0x000002459dcb0070 DEOPT PACKING pc=0x00000245930d8868 sp=0x000000aef1ef9110
Event: 72.360 Thread 0x000002459dcb0070 DEOPT UNPACKING pc=0x0000024592904422 sp=0x000000aef1ef90b8 mode 2
Event: 75.764 Thread 0x000002459dcb0070 DEOPT PACKING pc=0x000002458bbd9537 sp=0x000000aef1ef8e00
Event: 75.764 Thread 0x000002459dcb0070 DEOPT UNPACKING pc=0x0000024592904bc2 sp=0x000000aef1ef83e0 mode 0
Event: 77.384 Thread 0x000002459dcb0070 Uncommon trap: trap_request=0xffffffbe fr.pc=0x00000245932dac80 relative=0x00000000000003a0
Event: 77.384 Thread 0x000002459dcb0070 Uncommon trap: reason=profile_predicate action=maybe_recompile pc=0x00000245932dac80 method=sun.instrument.TransformerManager.transform(Ljava/lang/Module;Ljava/lang/ClassLoader;Ljava/lang/String;Ljava/lang/Class;Ljava/security/ProtectionDomain;[B)[B @ 21 
Event: 77.384 Thread 0x000002459dcb0070 DEOPT PACKING pc=0x00000245932dac80 sp=0x000000aef1ef25b0
Event: 77.384 Thread 0x000002459dcb0070 DEOPT UNPACKING pc=0x0000024592904422 sp=0x000000aef1ef2530 mode 2
Event: 77.394 Thread 0x000002459dcb0070 Uncommon trap: trap_request=0xffffffbe fr.pc=0x00000245932dac80 relative=0x00000000000003a0
Event: 77.394 Thread 0x000002459dcb0070 Uncommon trap: reason=profile_predicate action=maybe_recompile pc=0x00000245932dac80 method=sun.instrument.TransformerManager.transform(Ljava/lang/Module;Ljava/lang/ClassLoader;Ljava/lang/String;Ljava/lang/Class;Ljava/security/ProtectionDomain;[B)[B @ 21 
Event: 77.394 Thread 0x000002459dcb0070 DEOPT PACKING pc=0x00000245932dac80 sp=0x000000aef1ef0d50
Event: 77.394 Thread 0x000002459dcb0070 DEOPT UNPACKING pc=0x0000024592904422 sp=0x000000aef1ef0cd0 mode 2
Event: 77.464 Thread 0x000002459dcb0070 Uncommon trap: trap_request=0xffffffbe fr.pc=0x00000245932dac80 relative=0x00000000000003a0
Event: 77.464 Thread 0x000002459dcb0070 Uncommon trap: reason=profile_predicate action=maybe_recompile pc=0x00000245932dac80 method=sun.instrument.TransformerManager.transform(Ljava/lang/Module;Ljava/lang/ClassLoader;Ljava/lang/String;Ljava/lang/Class;Ljava/security/ProtectionDomain;[B)[B @ 21 
Event: 77.464 Thread 0x000002459dcb0070 DEOPT PACKING pc=0x00000245932dac80 sp=0x000000aef1ef23c0
Event: 77.464 Thread 0x000002459dcb0070 DEOPT UNPACKING pc=0x0000024592904422 sp=0x000000aef1ef2340 mode 2
Event: 77.500 Thread 0x000002459dcb0070 Uncommon trap: trap_request=0xffffffbe fr.pc=0x00000245932dac80 relative=0x00000000000003a0
Event: 77.500 Thread 0x000002459dcb0070 Uncommon trap: reason=profile_predicate action=maybe_recompile pc=0x00000245932dac80 method=sun.instrument.TransformerManager.transform(Ljava/lang/Module;Ljava/lang/ClassLoader;Ljava/lang/String;Ljava/lang/Class;Ljava/security/ProtectionDomain;[B)[B @ 21 
Event: 77.500 Thread 0x000002459dcb0070 DEOPT PACKING pc=0x00000245932dac80 sp=0x000000aef1ef5820
Event: 77.500 Thread 0x000002459dcb0070 DEOPT UNPACKING pc=0x0000024592904422 sp=0x000000aef1ef57a0 mode 2

Classes loaded (20 events):
Event: 68.767 Loading class java/util/AbstractList$SubList$1
Event: 68.768 Loading class java/util/AbstractList$SubList$1 done
Event: 69.915 Loading class java/util/stream/SliceOps
Event: 69.915 Loading class java/util/stream/SliceOps done
Event: 69.915 Loading class java/util/stream/SliceOps$1
Event: 69.916 Loading class java/util/stream/SliceOps$1 done
Event: 69.937 Loading class java/util/stream/SliceOps$1$1
Event: 69.937 Loading class java/util/stream/SliceOps$1$1 done
Event: 70.247 Loading class java/lang/BooleanBeanInfo
Event: 70.247 Loading class java/lang/BooleanBeanInfo done
Event: 70.248 Loading class java/lang/BooleanBeanInfo
Event: 70.248 Loading class java/lang/BooleanBeanInfo done
Event: 70.249 Loading class java/lang/BooleanCustomizer
Event: 70.249 Loading class java/lang/BooleanCustomizer done
Event: 70.252 Loading class java/lang/BooleanCustomizer
Event: 70.252 Loading class java/lang/BooleanCustomizer done
Event: 70.253 Loading class jdk/internal/ValueBased
Event: 70.253 Loading class jdk/internal/ValueBased done
Event: 76.175 Loading class java/util/LinkedList$LLSpliterator
Event: 76.183 Loading class java/util/LinkedList$LLSpliterator done

Classes unloaded (0 events):
No events

Classes redefined (0 events):
No events

Internal exceptions (20 events):
Event: 69.841 Thread 0x00000245b9693f80 Exception <a 'java/lang/NoSuchMethodError'{0x00000000eb841888}: 'java.lang.Object java.lang.invoke.DirectMethodHandle$Holder.newInvokeSpecial(java.lang.Object, java.lang.Object, int, java.lang.Object, java.lang.Object)'> (0x00000000eb841888) 
thrown [s\src\hotspot\share\interpreter\linkResolver.cpp, line 773]
Event: 69.842 Thread 0x00000245b9693f80 Exception <a 'java/lang/NoSuchMethodError'{0x00000000eb845250}: 'java.lang.Object java.lang.invoke.Invokers$Holder.linkToTargetMethod(java.lang.Object, int, java.lang.Object, java.lang.Object, java.lang.Object)'> (0x00000000eb845250) 
thrown [s\src\hotspot\share\interpreter\linkResolver.cpp, line 773]
Event: 70.182 Thread 0x00000245b8e70ff0 Exception <a 'java/lang/ClassNotFoundException'{0x00000000eb3fa8f0}: org/gradle/api/internal/plugins/DefaultPluginContainerBeanInfo> (0x00000000eb3fa8f0) 
thrown [s\src\hotspot\share\classfile\systemDictionary.cpp, line 313]
Event: 70.186 Thread 0x00000245b8e70ff0 Exception <a 'java/lang/ClassNotFoundException'{0x00000000eb20a0a0}: org/gradle/api/internal/plugins/DefaultPluginCollectionBeanInfo> (0x00000000eb20a0a0) 
thrown [s\src\hotspot\share\classfile\systemDictionary.cpp, line 313]
Event: 70.188 Thread 0x00000245b8e70ff0 Exception <a 'java/lang/ClassNotFoundException'{0x00000000eb219a78}: org/gradle/api/internal/DefaultDomainObjectSetBeanInfo> (0x00000000eb219a78) 
thrown [s\src\hotspot\share\classfile\systemDictionary.cpp, line 313]
Event: 70.193 Thread 0x00000245b8e70ff0 Exception <a 'java/lang/ClassNotFoundException'{0x00000000eb228bd0}: org/gradle/api/internal/DefaultDomainObjectSetCustomizer> (0x00000000eb228bd0) 
thrown [s\src\hotspot\share\classfile\systemDictionary.cpp, line 313]
Event: 70.205 Thread 0x00000245b8e70ff0 Exception <a 'java/lang/ClassNotFoundException'{0x00000000eb2869d8}: org/gradle/api/internal/plugins/DefaultPluginCollectionCustomizer> (0x00000000eb2869d8) 
thrown [s\src\hotspot\share\classfile\systemDictionary.cpp, line 313]
Event: 70.214 Thread 0x00000245b8e70ff0 Exception <a 'java/lang/ClassNotFoundException'{0x00000000eb111920}: org/gradle/api/internal/plugins/DefaultPluginContainerCustomizer> (0x00000000eb111920) 
thrown [s\src\hotspot\share\classfile\systemDictionary.cpp, line 313]
Event: 70.248 Thread 0x00000245b8e70ff0 Exception <a 'java/lang/ClassNotFoundException'{0x00000000eb1d7340}: java/lang/BooleanBeanInfo> (0x00000000eb1d7340) 
thrown [s\src\hotspot\share\classfile\systemDictionary.cpp, line 313]
Event: 70.253 Thread 0x00000245b8e70ff0 Exception <a 'java/lang/ClassNotFoundException'{0x00000000eb1dbb58}: java/lang/BooleanCustomizer> (0x00000000eb1dbb58) 
thrown [s\src\hotspot\share\classfile\systemDictionary.cpp, line 313]
Event: 70.445 Thread 0x000002459dcb0070 Exception <a 'sun/nio/fs/WindowsException'{0x00000000eb9d8808}> (0x00000000eb9d8808) 
thrown [s\src\hotspot\share\prims\jni.cpp, line 520]
Event: 72.351 Thread 0x000002459dcb0070 Exception <a 'sun/nio/fs/WindowsException'{0x00000000ea8e7eb0}> (0x00000000ea8e7eb0) 
thrown [s\src\hotspot\share\prims\jni.cpp, line 520]
Event: 72.352 Thread 0x000002459dcb0070 Exception <a 'sun/nio/fs/WindowsException'{0x00000000ea8e9678}> (0x00000000ea8e9678) 
thrown [s\src\hotspot\share\prims\jni.cpp, line 520]
Event: 72.353 Thread 0x000002459dcb0070 Exception <a 'sun/nio/fs/WindowsException'{0x00000000ea8eae30}> (0x00000000ea8eae30) 
thrown [s\src\hotspot\share\prims\jni.cpp, line 520]
Event: 72.354 Thread 0x000002459dcb0070 Exception <a 'sun/nio/fs/WindowsException'{0x00000000ea8ec1e8}> (0x00000000ea8ec1e8) 
thrown [s\src\hotspot\share\prims\jni.cpp, line 520]
Event: 75.169 Thread 0x000002459dcb0070 Exception <a 'java/lang/NoClassDefFoundError'{0x00000000ea0aaf30}: org/jetbrains/kotlin/gradle/plugin/KotlinPluginWrapper> (0x00000000ea0aaf30) 
thrown [s\src\hotspot\share\oops\constantPool.cpp, line 873]
Event: 75.169 Thread 0x000002459dcb0070 Exception <a 'java/lang/NoClassDefFoundError'{0x00000000ea0ad5e8}: org/graalvm/buildtools/gradle/NativeImagePlugin> (0x00000000ea0ad5e8) 
thrown [s\src\hotspot\share\oops\constantPool.cpp, line 873]
Event: 75.169 Thread 0x000002459dcb0070 Exception <a 'java/lang/NoClassDefFoundError'{0x00000000ea0afc90}: org/cyclonedx/gradle/CyclonedxPlugin> (0x00000000ea0afc90) 
thrown [s\src\hotspot\share\oops\constantPool.cpp, line 873]
Event: 75.169 Thread 0x000002459dcb0070 Exception <a 'java/lang/NoClassDefFoundError'{0x00000000ea0b2348}: com/google/protobuf/gradle/ProtobufPlugin> (0x00000000ea0b2348) 
thrown [s\src\hotspot\share\oops\constantPool.cpp, line 873]
Event: 75.320 Thread 0x000002459dcb0070 Exception <a 'java/lang/NoSuchMethodError'{0x00000000e9fc17b8}: 'java.lang.Object java.lang.invoke.DirectMethodHandle$Holder.invokeStatic(java.lang.Object, int, java.lang.Object)'> (0x00000000e9fc17b8) 
thrown [s\src\hotspot\share\interpreter\linkResolver.cpp, line 773]

ZGC Phase Switch (0 events):
No events

VM Operations (20 events):
Event: 70.111 Executing non-safepoint VM operation: HandshakeAllThreads (Deoptimize)
Event: 70.112 Executing non-safepoint VM operation: HandshakeAllThreads (Deoptimize) done
Event: 70.264 Executing non-safepoint VM operation: HandshakeAllThreads (Deoptimize)
Event: 70.264 Executing non-safepoint VM operation: HandshakeAllThreads (Deoptimize) done
Event: 71.273 Executing safepoint VM operation: Cleanup
Event: 71.273 Executing safepoint VM operation: Cleanup done
Event: 72.280 Executing safepoint VM operation: Cleanup
Event: 72.280 Executing safepoint VM operation: Cleanup done
Event: 73.284 Executing safepoint VM operation: Cleanup
Event: 73.284 Executing safepoint VM operation: Cleanup done
Event: 74.292 Executing safepoint VM operation: Cleanup
Event: 74.292 Executing safepoint VM operation: Cleanup done
Event: 75.296 Executing safepoint VM operation: Cleanup
Event: 75.312 Executing safepoint VM operation: Cleanup done
Event: 76.318 Executing safepoint VM operation: Cleanup
Event: 76.415 Executing safepoint VM operation: Cleanup done
Event: 77.423 Executing safepoint VM operation: Cleanup
Event: 77.423 Executing safepoint VM operation: Cleanup done
Event: 78.429 Executing safepoint VM operation: Cleanup
Event: 78.445 Executing safepoint VM operation: Cleanup done

Memory protections (0 events):
No events

Nmethod flushes (20 events):
Event: 31.919 Thread 0x000002459db099b0 flushing  nmethod 0x000002458b4e5190
Event: 31.919 Thread 0x000002459db099b0 flushing  nmethod 0x000002458b51fb90
Event: 31.919 Thread 0x000002459db099b0 flushing  nmethod 0x000002458b520990
Event: 31.919 Thread 0x000002459db099b0 flushing  nmethod 0x000002458b520e90
Event: 31.919 Thread 0x000002459db099b0 flushing  nmethod 0x000002458b521a90
Event: 31.919 Thread 0x000002459db099b0 flushing  nmethod 0x000002458b522410
Event: 31.919 Thread 0x000002459db099b0 flushing  nmethod 0x000002458b553d90
Event: 31.919 Thread 0x000002459db099b0 flushing  nmethod 0x000002458b554390
Event: 31.919 Thread 0x000002459db099b0 flushing  nmethod 0x000002458b555f90
Event: 31.919 Thread 0x000002459db099b0 flushing  nmethod 0x000002458b566410
Event: 31.919 Thread 0x000002459db099b0 flushing  nmethod 0x000002458b5fcd10
Event: 31.919 Thread 0x000002459db099b0 flushing  nmethod 0x000002458b69a010
Event: 31.919 Thread 0x000002459db099b0 flushing  nmethod 0x000002458b6ba610
Event: 31.919 Thread 0x000002459db099b0 flushing  nmethod 0x000002458b704710
Event: 31.919 Thread 0x000002459db099b0 flushing  nmethod 0x000002458b707490
Event: 31.919 Thread 0x000002459db099b0 flushing  nmethod 0x000002458b709010
Event: 31.919 Thread 0x000002459db099b0 flushing  nmethod 0x000002458b7bb890
Event: 31.919 Thread 0x000002459db099b0 flushing  nmethod 0x000002458b770e90
Event: 31.919 Thread 0x000002459db099b0 flushing  nmethod 0x000002458b79f110
Event: 31.919 Thread 0x000002459db099b0 flushing  nmethod 0x000002458b85db90

Events (20 events):
Event: 70.635 Thread 0x00000245b94636b0 Thread exited: 0x00000245b94636b0
Event: 70.646 Thread 0x00000245b9461c70 Thread exited: 0x00000245b9461c70
Event: 70.842 Thread 0x00000245b8ce59a0 Thread added: 0x00000245b94615e0
Event: 70.960 Thread 0x00000245b8ce59a0 Thread added: 0x00000245b9462300
Event: 71.007 Thread 0x000002459dcb0070 Thread added: 0x00000245b94643d0
Event: 71.021 Thread 0x000002459dcb0070 Thread added: 0x00000245b94636b0
Event: 71.024 Thread 0x000002459dcb0070 Thread added: 0x00000245b9460f50
Event: 71.090 Thread 0x000002459dcb0070 Thread added: 0x00000245b9464a60
Event: 71.204 Thread 0x000002459dcb0070 Thread added: 0x00000245b9461c70
Event: 72.075 Thread 0x000002459dcb0070 Thread added: 0x00000245b94671c0
Event: 72.201 Thread 0x000002459dcb0070 Thread added: 0x00000245b9468570
Event: 72.320 Thread 0x000002459dcb0070 Thread added: 0x00000245b9467ee0
Event: 74.387 Thread 0x000002459dcb0070 Thread added: 0x00000245b968ea30
Event: 74.388 Thread 0x000002459dcb0070 Thread added: 0x00000245b9690470
Event: 74.388 Thread 0x000002459dcb0070 Thread added: 0x00000245b9691190
Event: 74.389 Thread 0x000002459dcb0070 Thread added: 0x00000245b9691820
Event: 74.390 Thread 0x000002459dcb0070 Thread added: 0x00000245b9692540
Event: 74.390 Thread 0x000002459dcb0070 Thread added: 0x00000245b968f0c0
Event: 74.391 Thread 0x000002459dcb0070 Thread added: 0x00000245b9694ca0
Event: 74.689 Thread 0x000002459dcb0070 Thread added: 0x00000245b9693f80


Dynamic libraries:
0x00007ff6d1fa0000 - 0x00007ff6d1fae000 	C:\Users\Derick Mota\.vscode\extensions\redhat.java-1.56.0-win32-x64\jre\21.0.12.1-win32-x86_64\bin\java.exe
0x00007ffdda660000 - 0x00007ffdda8c7000 	C:\WINDOWS\SYSTEM32\ntdll.dll
0x00007ffdd9b70000 - 0x00007ffdd9c3b000 	C:\WINDOWS\System32\KERNEL32.DLL
0x00007ffdd7ee0000 - 0x00007ffdd82e2000 	C:\WINDOWS\System32\KERNELBASE.dll
0x00007ffdd7990000 - 0x00007ffdd7adc000 	C:\WINDOWS\System32\ucrtbase.dll
0x00007ffdb0e70000 - 0x00007ffdb0e88000 	C:\Users\Derick Mota\.vscode\extensions\redhat.java-1.56.0-win32-x64\jre\21.0.12.1-win32-x86_64\bin\jli.dll
0x00007ffdd9760000 - 0x00007ffdd992f000 	C:\WINDOWS\System32\USER32.dll
0x00007ffdd7af0000 - 0x00007ffdd7b17000 	C:\WINDOWS\System32\win32u.dll
0x00007ffdd9c40000 - 0x00007ffdd9c6b000 	C:\WINDOWS\System32\GDI32.dll
0x00007ffdbd260000 - 0x00007ffdbd27e000 	C:\Users\Derick Mota\.vscode\extensions\redhat.java-1.56.0-win32-x64\jre\21.0.12.1-win32-x86_64\bin\VCRUNTIME140.dll
0x00007ffdd7860000 - 0x00007ffdd7989000 	C:\WINDOWS\System32\gdi32full.dll
0x00007ffdd7b20000 - 0x00007ffdd7bc3000 	C:\WINDOWS\System32\msvcp_win.dll
0x00007ffdd6a10000 - 0x00007ffdd6ca0000 	C:\WINDOWS\WinSxS\amd64_microsoft.windows.common-controls_6595b64144ccf1df_6.0.26100.9278_none_3e0d1ba8e3303201\COMCTL32.dll
0x00007ffdda320000 - 0x00007ffdda3c9000 	C:\WINDOWS\System32\msvcrt.dll
0x00007ffdd8a80000 - 0x00007ffdd8ab1000 	C:\WINDOWS\System32\IMM32.DLL
0x00007ffdd16d0000 - 0x00007ffdd16dc000 	C:\Users\Derick Mota\.vscode\extensions\redhat.java-1.56.0-win32-x64\jre\21.0.12.1-win32-x86_64\bin\vcruntime140_1.dll
0x00007ffd71110000 - 0x00007ffd7119d000 	C:\Users\Derick Mota\.vscode\extensions\redhat.java-1.56.0-win32-x64\jre\21.0.12.1-win32-x86_64\bin\msvcp140.dll
0x00007ffd66f10000 - 0x00007ffd67cb2000 	C:\Users\Derick Mota\.vscode\extensions\redhat.java-1.56.0-win32-x64\jre\21.0.12.1-win32-x86_64\bin\server\jvm.dll
0x00007ffdda1d0000 - 0x00007ffdda28c000 	C:\WINDOWS\System32\ADVAPI32.dll
0x00007ffdd88b0000 - 0x00007ffdd8959000 	C:\WINDOWS\System32\sechost.dll
0x00007ffdd9430000 - 0x00007ffdd9548000 	C:\WINDOWS\System32\RPCRT4.dll
0x00007ffdda590000 - 0x00007ffdda610000 	C:\WINDOWS\System32\WS2_32.dll
0x00007ffdcf250000 - 0x00007ffdcf286000 	C:\WINDOWS\SYSTEM32\WINMM.dll
0x00007ffdd76c0000 - 0x00007ffdd771e000 	C:\WINDOWS\SYSTEM32\POWRPROF.dll
0x00007ffdd5270000 - 0x00007ffdd527b000 	C:\WINDOWS\SYSTEM32\VERSION.dll
0x00007ffdd76a0000 - 0x00007ffdd76b5000 	C:\WINDOWS\SYSTEM32\UMPDC.dll
0x00007ffdd5c00000 - 0x00007ffdd5c1b000 	C:\WINDOWS\SYSTEM32\kernel.appcore.dll
0x00007ffdbd300000 - 0x00007ffdbd30a000 	C:\Users\Derick Mota\.vscode\extensions\redhat.java-1.56.0-win32-x64\jre\21.0.12.1-win32-x86_64\bin\jimage.dll
0x00007ffdd6fe0000 - 0x00007ffdd722c000 	C:\WINDOWS\SYSTEM32\DBGHELP.DLL
0x00007ffdd8520000 - 0x00007ffdd88a5000 	C:\WINDOWS\System32\combase.dll
0x00007ffdd8970000 - 0x00007ffdd8a49000 	C:\WINDOWS\System32\OLEAUT32.dll
0x00007ffdd6ed0000 - 0x00007ffdd6f0b000 	C:\WINDOWS\SYSTEM32\dbgcore.DLL
0x00007ffdd7d60000 - 0x00007ffdd7e0c000 	C:\WINDOWS\System32\bcryptPrimitives.dll
0x00007ffda4640000 - 0x00007ffda464f000 	C:\Users\Derick Mota\.vscode\extensions\redhat.java-1.56.0-win32-x64\jre\21.0.12.1-win32-x86_64\bin\instrument.dll
0x00007ffdafc50000 - 0x00007ffdafc70000 	C:\Users\Derick Mota\.vscode\extensions\redhat.java-1.56.0-win32-x64\jre\21.0.12.1-win32-x86_64\bin\java.dll
0x00007ffdd8c20000 - 0x00007ffdd93b8000 	C:\WINDOWS\System32\SHELL32.dll
0x00007ffdd4300000 - 0x00007ffdd4bae000 	C:\WINDOWS\SYSTEM32\windows.storage.dll
0x00007ffdda3d0000 - 0x00007ffdda4cb000 	C:\WINDOWS\System32\SHCORE.dll
0x00007ffdd93c0000 - 0x00007ffdd9426000 	C:\WINDOWS\System32\shlwapi.dll
0x00007ffdd7780000 - 0x00007ffdd77a9000 	C:\WINDOWS\SYSTEM32\profapi.dll
0x00007ffda47c0000 - 0x00007ffda47d8000 	C:\Users\Derick Mota\.vscode\extensions\redhat.java-1.56.0-win32-x64\jre\21.0.12.1-win32-x86_64\bin\zip.dll
0x00007ffdbd220000 - 0x00007ffdbd230000 	C:\Users\Derick Mota\.vscode\extensions\redhat.java-1.56.0-win32-x64\jre\21.0.12.1-win32-x86_64\bin\net.dll
0x00007ffdccbc0000 - 0x00007ffdcccea000 	C:\WINDOWS\SYSTEM32\WINHTTP.dll
0x00007ffdd5ac0000 - 0x00007ffdd5b2c000 	C:\WINDOWS\system32\mswsock.dll
0x00007ffda4670000 - 0x00007ffda4686000 	C:\Users\Derick Mota\.vscode\extensions\redhat.java-1.56.0-win32-x64\jre\21.0.12.1-win32-x86_64\bin\nio.dll
0x00007ffda3fa0000 - 0x00007ffda3fb0000 	C:\Users\Derick Mota\.vscode\extensions\redhat.java-1.56.0-win32-x64\jre\21.0.12.1-win32-x86_64\bin\verify.dll
0x00007ffd66b80000 - 0x00007ffd66ba7000 	C:\Users\Derick Mota\.gradle\native\660c5614fbf4a5f2a75b1949f50a0caf5cd603558e7d8a26e50b933a0cfb79d1\windows-amd64\native-platform.dll
0x00007ffd6df90000 - 0x00007ffd6e007000 	C:\Users\Derick Mota\.gradle\native\0.2.8\x86_64-windows-gnu\gradle-fileevents.dll
0x00007ffda47a0000 - 0x00007ffda47aa000 	C:\Users\Derick Mota\.vscode\extensions\redhat.java-1.56.0-win32-x64\jre\21.0.12.1-win32-x86_64\bin\management.dll
0x00007ffda3f90000 - 0x00007ffda3f9c000 	C:\Users\Derick Mota\.vscode\extensions\redhat.java-1.56.0-win32-x64\jre\21.0.12.1-win32-x86_64\bin\management_ext.dll
0x00007ffdd8960000 - 0x00007ffdd8968000 	C:\WINDOWS\System32\PSAPI.DLL
0x00007ffdd4f00000 - 0x00007ffdd4f33000 	C:\WINDOWS\SYSTEM32\IPHLPAPI.DLL
0x00007ffdd9c90000 - 0x00007ffdd9c9a000 	C:\WINDOWS\System32\NSI.dll
0x00007ffda1620000 - 0x00007ffda1629000 	C:\Users\Derick Mota\.vscode\extensions\redhat.java-1.56.0-win32-x64\jre\21.0.12.1-win32-x86_64\bin\extnet.dll
0x00007ffdd7360000 - 0x00007ffdd737b000 	C:\WINDOWS\SYSTEM32\CRYPTSP.dll
0x00007ffdd54c0000 - 0x00007ffdd54f9000 	C:\WINDOWS\system32\rsaenh.dll
0x00007ffdd5b70000 - 0x00007ffdd5ba4000 	C:\WINDOWS\SYSTEM32\USERENV.dll
0x00007ffdd7750000 - 0x00007ffdd777a000 	C:\WINDOWS\SYSTEM32\bcrypt.dll
0x00007ffdd5dd0000 - 0x00007ffdd5ddc000 	C:\WINDOWS\SYSTEM32\CRYPTBASE.dll
0x00007ffdb8780000 - 0x00007ffdb878e000 	C:\Users\Derick Mota\.vscode\extensions\redhat.java-1.56.0-win32-x64\jre\21.0.12.1-win32-x86_64\bin\sunmscapi.dll
0x00007ffdd7bd0000 - 0x00007ffdd7d4e000 	C:\WINDOWS\System32\CRYPT32.dll
0x00007ffdd68d0000 - 0x00007ffdd6900000 	C:\WINDOWS\SYSTEM32\ncrypt.dll
0x00007ffdd6880000 - 0x00007ffdd68bf000 	C:\WINDOWS\SYSTEM32\NTASN1.dll
0x00007ffdb8650000 - 0x00007ffdb8658000 	C:\WINDOWS\system32\wshunix.dll

JVMTI agents:
C:\Users\Derick Mota\.gradle\wrapper\dists\gradle-9.7.1-bin\1w1c7tv4s851m17nbqdsro2tv\gradle-9.7.1\lib\agents\gradle-instrumentation-agent-9.7.1.jar path:C:\Users\Derick Mota\.vscode\extensions\redhat.java-1.56.0-win32-x64\jre\21.0.12.1-win32-x86_64\bin\instrument.dll, loaded, initialized, instrumentlib options:none

dbghelp: loaded successfully - version: 4.0.5 - missing functions: none
symbol engine: initialized successfully - sym options: 0x614 - pdb path: .;C:\Users\Derick Mota\.vscode\extensions\redhat.java-1.56.0-win32-x64\jre\21.0.12.1-win32-x86_64\bin;C:\WINDOWS\SYSTEM32;C:\WINDOWS\WinSxS\amd64_microsoft.windows.common-controls_6595b64144ccf1df_6.0.26100.9278_none_3e0d1ba8e3303201;C:\Users\Derick Mota\.vscode\extensions\redhat.java-1.56.0-win32-x64\jre\21.0.12.1-win32-x86_64\bin\server;C:\Users\Derick Mota\.gradle\native\660c5614fbf4a5f2a75b1949f50a0caf5cd603558e7d8a26e50b933a0cfb79d1\windows-amd64;C:\Users\Derick Mota\.gradle\native\0.2.8\x86_64-windows-gnu

VM Arguments:
jvm_args: --add-opens=java.base/java.lang=ALL-UNNAMED --add-opens=java.base/java.lang.invoke=ALL-UNNAMED --add-opens=java.base/java.util=ALL-UNNAMED --add-opens=java.prefs/java.util.prefs=ALL-UNNAMED --add-exports=jdk.compiler/com.sun.tools.javac.api=ALL-UNNAMED --add-exports=jdk.compiler/com.sun.tools.javac.util=ALL-UNNAMED --add-opens=java.base/java.nio.charset=ALL-UNNAMED --add-opens=java.base/java.net=ALL-UNNAMED --add-opens=java.base/java.util.concurrent=ALL-UNNAMED --add-opens=java.base/java.util.concurrent.atomic=ALL-UNNAMED --add-opens=java.xml/javax.xml.namespace=ALL-UNNAMED --add-opens=java.base/java.time=ALL-UNNAMED -XX:MaxMetaspaceSize=384m -XX:+HeapDumpOnOutOfMemoryError -Xms256m -Xmx512m -Dfile.encoding=UTF-8 -Duser.country=ES -Duser.language=es -Duser.variant -javaagent:C:\Users\Derick Mota\.gradle\wrapper\dists\gradle-9.7.1-bin\1w1c7tv4s851m17nbqdsro2tv\gradle-9.7.1\lib\agents\gradle-instrumentation-agent-9.7.1.jar 
java_command: org.gradle.launcher.daemon.bootstrap.GradleDaemon 9.7.1
java_class_path (initial): C:\Users\Derick Mota\.gradle\wrapper\dists\gradle-9.7.1-bin\1w1c7tv4s851m17nbqdsro2tv\gradle-9.7.1\lib\gradle-daemon-main-9.7.1.jar
Launcher Type: SUN_STANDARD

[Global flags]
     intx CICompilerCount                          = 4                                         {product} {ergonomic}
   size_t CompressedClassSpaceSize                 = 335544320                                 {product} {ergonomic}
     uint ConcGCThreads                            = 2                                         {product} {ergonomic}
     uint G1ConcRefinementThreads                  = 8                                         {product} {ergonomic}
   size_t G1HeapRegionSize                         = 1048576                                   {product} {ergonomic}
    uintx GCDrainStackTargetSize                   = 64                                        {product} {ergonomic}
     bool HeapDumpOnOutOfMemoryError               = true                                   {manageable} {command line}
   size_t InitialHeapSize                          = 268435456                                 {product} {command line}
   size_t MarkStackSize                            = 4194304                                   {product} {ergonomic}
   size_t MaxHeapSize                              = 536870912                                 {product} {command line}
   size_t MaxMetaspaceSize                         = 402653184                                 {product} {command line}
   size_t MaxNewSize                               = 321912832                                 {product} {ergonomic}
   size_t MinHeapDeltaBytes                        = 1048576                                   {product} {ergonomic}
   size_t MinHeapSize                              = 268435456                                 {product} {command line}
    uintx NonNMethodCodeHeapSize                   = 5839372                                {pd product} {ergonomic}
    uintx NonProfiledCodeHeapSize                  = 122909434                              {pd product} {ergonomic}
    uintx ProfiledCodeHeapSize                     = 122909434                              {pd product} {ergonomic}
    uintx ReservedCodeCacheSize                    = 251658240                              {pd product} {ergonomic}
     bool SegmentedCodeCache                       = true                                      {product} {ergonomic}
   size_t SoftMaxHeapSize                          = 536870912                              {manageable} {ergonomic}
     bool UseCompressedOops                        = true                           {product lp64_product} {ergonomic}
     bool UseG1GC                                  = true                                      {product} {ergonomic}
     bool UseLargePagesIndividualAllocation        = false                                  {pd product} {ergonomic}

Logging:
Log output configuration:
 #0: stdout all=warning uptime,level,tags foldmultilines=false
 #1: stderr all=off uptime,level,tags foldmultilines=false

Release file:
JAVA_VERSION="21.0.12.1" 
MODULES="java.base java.compiler java.datatransfer java.xml java.prefs java.desktop java.instrument java.logging java.management java.security.sasl java.naming java.rmi java.management.rmi java.net.http java.scripting java.security.jgss java.transaction.xa java.sql java.sql.rowset java.xml.crypto java.se java.smartcardio jdk.accessibility jdk.internal.jvmstat jdk.attach jdk.charsets jdk.internal.opt jdk.zipfs jdk.compiler jdk.crypto.ec jdk.crypto.cryptoki jdk.crypto.mscapi jdk.dynalink jdk.internal.ed jdk.editpad jdk.hotspot.agent jdk.httpserver jdk.internal.le jdk.internal.vm.ci jdk.internal.vm.compiler jdk.internal.vm.compiler.management jdk.jartool jdk.javadoc jdk.jcmd jdk.management jdk.management.agent jdk.jconsole jdk.jdeps jdk.jdwp.agent jdk.jdi jdk.jfr jdk.jshell jdk.jsobject jdk.jstatd jdk.localedata jdk.management.jfr jdk.naming.dns jdk.naming.rmi jdk.net jdk.nio.mapmode jdk.random jdk.sctp jdk.security.auth jdk.security.jgss jdk.unsupported jdk.unsupported.desktop jdk.xml.dom" 

Environment Variables:
PATH=C:\Program Files\Common Files\Oracle\Java\javapath;C:\WINDOWS\system32;C:\WINDOWS;C:\WINDOWS\System32\Wbem;C:\WINDOWS\System32\WindowsPowerShell\v1.0\;C:\WINDOWS\System32\OpenSSH\;C:\Program Files\dotnet\;C:\Jdks\jdk-25.0.2\bin;C:\Program Files\Git\cmd;C:\Users\Derick Mota\Descargas\apache-maven-3.9.16\bin;C:\Program Files\nodejs\;C:\Users\Derick Mota\AppData\Local\Microsoft\WindowsApps;C:\Users\Derick Mota\AppData\Local\Programs\Microsoft VS Code\bin;C:\Users\Derick Mota\AppData\Local\GitHubDesktop\bin;C:\Users\Derick Mota\AppData\Roaming\npm
USERNAME=Derick Mota
OS=Windows_NT
PROCESSOR_IDENTIFIER=AMD64 Family 23 Model 24 Stepping 1, AuthenticAMD
TMP=C:\Users\DERICK~1\AppData\Local\Temp
TEMP=C:\Users\DERICK~1\AppData\Local\Temp




Periodic native trim disabled

---------------  S Y S T E M  ---------------

OS:
 Windows 11 , 64 bit Build 26100 (10.0.26100.9444)
OS uptime: 0 days 0:55 hours

CPU: total 8 (initial active 8) (8 cores per cpu, 2 threads per core) family 23 model 24 stepping 1 microcode 0x810810e, cx8, cmov, fxsr, ht, mmx, 3dnowpref, sse, sse2, sse3, ssse3, sse4a, sse4.1, sse4.2, popcnt, lzcnt, tsc, tscinvbit, avx, avx2, aes, clmul, bmi1, bmi2, adx, sha, fma, vzeroupper, clflush, clflushopt, rdtscp, f16c
Processor Information for the first 8 processors :
  Max Mhz: 2100, Current Mhz: 2100, Mhz Limit: 2100

Memory: 4k page, system-wide physical 6030M (32M free)
TotalPageFile size 24462M (AvailPageFile size 34M)
current process WorkingSet (physical memory assigned to process): 203M, peak: 318M
current process commit charge ("private bytes"): 496M, peak: 501M

vm_info: OpenJDK 64-Bit Server VM (21.0.12.1+1-LTS) for windows-amd64 JRE (21.0.12.1+1-LTS), built on 2026-08-18T00:00:00Z by "admin" with MS VC++ 17.12 (VS2022)

END.
